Component: ARM Compiler 6.14 Tool: armlink [5db06800]

==============================================================================

Section Cross References

    speed controller part 3.o(.text) refers (Special) to _printf_f.o(.ARM.Collect$$_printf_percent$$00000003) for _printf_f
    speed controller part 3.o(.text) refers (Special) to printf1.o(x$fpl$printf1) for _printf_fp_dec
    speed controller part 3.o(.text) refers (Special) to _printf_percent.o(.ARM.Collect$$_printf_percent$$00000000) for _printf_percent
    speed controller part 3.o(.text.main) refers (Special) to _printf_f.o(.ARM.Collect$$_printf_percent$$00000003) for _printf_f
    speed controller part 3.o(.text.main) refers (Special) to printf1.o(x$fpl$printf1) for _printf_fp_dec
    speed controller part 3.o(.text.main) refers (Special) to _printf_percent.o(.ARM.Collect$$_printf_percent$$00000000) for _printf_percent
    speed controller part 3.o(.text.main) refers to speed controller part 3.o(.text.Port_init) for Port_init
    speed controller part 3.o(.text.main) refers to speed controller part 3.o(.text.LCD_init) for LCD_init
    speed controller part 3.o(.text.main) refers to speed controller part 3.o(.text.Initialize) for Initialize
    speed controller part 3.o(.text.main) refers to speed controller part 3.o(.text.SetOutputLimits) for SetOutputLimits
    speed controller part 3.o(.text.main) refers to speed controller part 3.o(.text.SetSampleTime) for SetSampleTime
    speed controller part 3.o(.text.main) refers to speed controller part 3.o(.text.SetTunings) for SetTunings
    speed controller part 3.o(.text.main) refers to speed controller part 3.o(.bss.CruiseControl) for CruiseControl
    speed controller part 3.o(.text.main) refers to speed controller part 3.o(.text.ManualMode) for ManualMode
    speed controller part 3.o(.text.main) refers to speed controller part 3.o(.text.CruiseControlSetup) for CruiseControlSetup
    speed controller part 3.o(.text.main) refers to speed controller part 3.o(.text.CruiseControlFunc) for CruiseControlFunc
    speed controller part 3.o(.ARM.exidx.text.main) refers (Special) to _printf_f.o(.ARM.Collect$$_printf_percent$$00000003) for _printf_f
    speed controller part 3.o(.ARM.exidx.text.main) refers (Special) to printf1.o(x$fpl$printf1) for _printf_fp_dec
    speed controller part 3.o(.ARM.exidx.text.main) refers (Special) to _printf_percent.o(.ARM.Collect$$_printf_percent$$00000000) for _printf_percent
    speed controller part 3.o(.ARM.exidx.text.main) refers to speed controller part 3.o(.text.main) for [Anonymous Symbol]
    speed controller part 3.o(.text.Port_init) refers (Special) to _printf_f.o(.ARM.Collect$$_printf_percent$$00000003) for _printf_f
    speed controller part 3.o(.text.Port_init) refers (Special) to printf1.o(x$fpl$printf1) for _printf_fp_dec
    speed controller part 3.o(.text.Port_init) refers (Special) to _printf_percent.o(.ARM.Collect$$_printf_percent$$00000000) for _printf_percent
    speed controller part 3.o(.text.Port_init) refers to speed controller part 3.o(.text.__NVIC_SetPriority) for __NVIC_SetPriority
    speed controller part 3.o(.text.Port_init) refers to speed controller part 3.o(.text.__NVIC_EnableIRQ) for __NVIC_EnableIRQ
    speed controller part 3.o(.ARM.exidx.text.Port_init) refers (Special) to _printf_f.o(.ARM.Collect$$_printf_percent$$00000003) for _printf_f
    speed controller part 3.o(.ARM.exidx.text.Port_init) refers (Special) to printf1.o(x$fpl$printf1) for _printf_fp_dec
    speed controller part 3.o(.ARM.exidx.text.Port_init) refers (Special) to _printf_percent.o(.ARM.Collect$$_printf_percent$$00000000) for _printf_percent
    speed controller part 3.o(.ARM.exidx.text.Port_init) refers to speed controller part 3.o(.text.Port_init) for [Anonymous Symbol]
    speed controller part 3.o(.text.LCD_init) refers (Special) to _printf_f.o(.ARM.Collect$$_printf_percent$$00000003) for _printf_f
    speed controller part 3.o(.text.LCD_init) refers (Special) to printf1.o(x$fpl$printf1) for _printf_fp_dec
    speed controller part 3.o(.text.LCD_init) refers (Special) to _printf_percent.o(.ARM.Collect$$_printf_percent$$00000000) for _printf_percent
    speed controller part 3.o(.text.LCD_init) refers to speed controller part 3.o(.text.delayMs) for delayMs
    speed controller part 3.o(.text.LCD_init) refers to speed controller part 3.o(.text.LCD_command) for LCD_command
    speed controller part 3.o(.ARM.exidx.text.LCD_init) refers (Special) to _printf_f.o(.ARM.Collect$$_printf_percent$$00000003) for _printf_f
    speed controller part 3.o(.ARM.exidx.text.LCD_init) refers (Special) to printf1.o(x$fpl$printf1) for _printf_fp_dec
    speed controller part 3.o(.ARM.exidx.text.LCD_init) refers (Special) to _printf_percent.o(.ARM.Collect$$_printf_percent$$00000000) for _printf_percent
    speed controller part 3.o(.ARM.exidx.text.LCD_init) refers to speed controller part 3.o(.text.LCD_init) for [Anonymous Symbol]
[...]
    __rtentry2.o(.ARM.Collect$$rtentry$$0000000D) refers to exit.o(.text) for exit
    __rtentry2.o(.ARM.exidx) refers to __rtentry2.o(.ARM.Collect$$rtentry$$00000001) for .ARM.Collect$$rtentry$$00000001
    __rtentry2.o(.ARM.exidx) refers to __rtentry2.o(.ARM.Collect$$rtentry$$00000008) for .ARM.Collect$$rtentry$$00000008
    __rtentry2.o(.ARM.exidx) refers to __rtentry2.o(.ARM.Collect$$rtentry$$0000000A) for .ARM.Collect$$rtentry$$0000000A
    __rtentry2.o(.ARM.exidx) refers to __rtentry2.o(.ARM.Collect$$rtentry$$0000000B) for .ARM.Collect$$rtentry$$0000000B
    __rtentry2.o(.ARM.exidx) refers to __rtentry2.o(.ARM.Collect$$rtentry$$0000000D) for .ARM.Collect$$rtentry$$0000000D
    __rtentry4.o(.ARM.Collect$$rtentry$$00000004) refers to sys_stackheap_outer.o(.text) for __user_setup_stackheap
    __rtentry4.o(.ARM.exidx) refers to __rtentry4.o(.ARM.Collect$$rtentry$$00000004) for .ARM.Collect$$rtentry$$00000004
    rt_locale.o(.text) refers to rt_locale.o(.bss) for __rt_locale_data
    rt_locale_intlibspace.o(.text) refers to libspace.o(.bss) for __libspace_start
    bigflt0.o(.text) refers (Special) to usenofp.o(x$fpl$usenofp) for __I$use$fp
    bigflt0.o(.text) refers to btod.o(CL$$btod_emul) for _btod_emul
    bigflt0.o(.text) refers to btod.o(CL$$btod_ediv) for _btod_ediv
    bigflt0.o(.text) refers to bigflt0.o(.constdata) for .constdata
    bigflt0.o(.constdata) refers (Special) to usenofp.o(x$fpl$usenofp) for __I$use$fp
    btod.o(CL$$btod_d2e) refers (Special) to usenofp.o(x$fpl$usenofp) for __I$use$fp
    btod.o(CL$$btod_d2e) refers to btod.o(CL$$btod_d2e_norm_op1) for _d2e_norm_op1
    btod.o(CL$$btod_d2e_norm_op1) refers (Special) to usenofp.o(x$fpl$usenofp) for __I$use$fp
    btod.o(CL$$btod_d2e_norm_op1) refers to btod.o(CL$$btod_d2e_denorm_low) for _d2e_denorm_low
    btod.o(CL$$btod_d2e_denorm_low) refers (Special) to usenofp.o(x$fpl$usenofp) for __I$use$fp
    btod.o(CL$$btod_emul) refers (Special) to usenofp.o(x$fpl$usenofp) for __I$use$fp
    btod.o(CL$$btod_emul) refers to btod.o(CL$$btod_mult_common) for __btod_mult_common
    btod.o(CL$$btod_emul) refers to btod.o(CL$$btod_e2e) for _e2e
    btod.o(CL$$btod_ediv) refers (Special) to usenofp.o(x$fpl$usenofp) for __I$use$fp
    btod.o(CL$$btod_ediv) refers to btod.o(CL$$btod_div_common) for __btod_div_common
    btod.o(CL$$btod_ediv) refers to btod.o(CL$$btod_e2e) for _e2e
    btod.o(CL$$btod_emuld) refers (Special) to usenofp.o(x$fpl$usenofp) for __I$use$fp
    btod.o(CL$$btod_emuld) refers to btod.o(CL$$btod_mult_common) for __btod_mult_common
    btod.o(CL$$btod_emuld) refers to btod.o(CL$$btod_e2d) for _e2d
    btod.o(CL$$btod_edivd) refers (Special) to usenofp.o(x$fpl$usenofp) for __I$use$fp
    btod.o(CL$$btod_edivd) refers to btod.o(CL$$btod_div_common) for __btod_div_common
    btod.o(CL$$btod_edivd) refers to btod.o(CL$$btod_e2d) for _e2d
    btod.o(CL$$btod_e2e) refers (Special) to usenofp.o(x$fpl$usenofp) for __I$use$fp
    btod.o(CL$$btod_e2d) refers (Special) to usenofp.o(x$fpl$usenofp) for __I$use$fp
    btod.o(CL$$btod_e2d) refers to btod.o(CL$$btod_e2e) for _e2e
    btod.o(CL$$btod_mult_common) refers (Special) to usenofp.o(x$fpl$usenofp) for __I$use$fp
    btod.o(CL$$btod_div_common) refers (Special) to usenofp.o(x$fpl$usenofp) for __I$use$fp
    btod_accurate.o(.text) refers to btod_accurate_common.o(.text) for _btod_common
    lc_numeric_c.o(locale$$data) refers (Special) to libinit2.o(.ARM.Collect$$libinit$$00000016) for __rt_lib_init_lc_numeric_2
    lc_numeric_c.o(locale$$code) refers (Special) to libinit2.o(.ARM.Collect$$libinit$$00000016) for __rt_lib_init_lc_numeric_2
    lc_numeric_c.o(locale$$code) refers to strcmpv7em.o(.text) for strcmp
    lc_numeric_c.o(locale$$code) refers to lc_numeric_c.o(locale$$data) for __lcnum_c_name
    argv_veneer.o(.emb_text) refers to no_argv.o(.text) for __ARM_get_argv
    dcmpi.o(x$fpl$dcmpinf) refers (Special) to usenofp.o(x$fpl$usenofp) for __I$use$fp
    istatus.o(x$fpl$ieeestatus) refers (Special) to usenofp.o(x$fpl$usenofp) for __I$use$fp
    fpclassify.o(i.__ARM_fpclassify) refers (Special) to usenofp.o(x$fpl$usenofp) for __I$use$fp
    libspace.o(.text) refers to libspace.o(.bss) for __libspace_start
    sys_stackheap_outer.o(.text) refers to libspace.o(.text) for __user_perproc_libspace
    sys_stackheap_outer.o(.text) refers to startup_stm32f446xx.o(.text) for __user_initial_stackheap
    btod_accurate_common.o(.text) refers to llushr.o(.text) for __aeabi_llsr
    exit.o(.text) refers to rtexit.o(.ARM.Collect$$rtexit$$00000000) for __rt_exit
    _get_argv_nomalloc.o(.text) refers (Special) to hrguard.o(.text) for __heap_region$guard
    _get_argv_nomalloc.o(.text) refers to defsig_rtmem_outer.o(.text) for __rt_SIGRTMEM
    _get_argv_nomalloc.o(.text) refers to sys_command.o(.text) for _sys_command_string
    libinit.o(.ARM.Collect$$libinit$$00000000) refers (Special) to libinit2.o(.ARM.Collect$$libinit$$0000002E) for __rt_lib_init_alloca_1
    libinit.o(.ARM.Collect$$libinit$$00000000) refers (Special) to libinit2.o(.ARM.Collect$$libinit$$0000002C) for __rt_lib_init_argv_1
    libinit.o(.ARM.Collect$$libinit$$00000000) refers (Special) to libinit2.o(.ARM.Collect$$libinit$$0000001B) for __rt_lib_init_atexit_1
    libinit.o(.ARM.Collect$$libinit$$00000000) refers (Special) to libinit2.o(.ARM.Collect$$libinit$$00000021) for __rt_lib_init_clock_1
    libinit.o(.ARM.Collect$$libinit$$00000000) refers (Special) to libinit2.o(.ARM.Collect$$libinit$$00000032) for __rt_lib_init_cpp_1
    libinit.o(.ARM.Collect$$libinit$$00000000) refers (Special) to libinit2.o(.ARM.Collect$$libinit$$00000030) for __rt_lib_init_exceptions_1
    libinit.o(.ARM.Collect$$libinit$$00000000) refers (Special) to libinit2.o(.ARM.Collect$$libinit$$00000001) for __rt_lib_init_fp_1
    libinit.o(.ARM.Collect$$libinit$$00000000) refers (Special) to libinit2.o(.ARM.Collect$$libinit$$0000001F) for __rt_lib_init_fp_trap_1
    libinit.o(.ARM.Collect$$libinit$$00000000) refers (Special) to libinit2.o(.ARM.Collect$$libinit$$00000023) for __rt_lib_init_getenv_1
    libinit.o(.ARM.Collect$$libinit$$00000000) refers (Special) to libinit2.o(.ARM.Collect$$libinit$$0000000A) for __rt_lib_init_heap_1
    libinit.o(.ARM.Collect$$libinit$$00000000) refers (Special) to libinit2.o(.ARM.Collect$$libinit$$00000011) for __rt_lib_init_lc_collate_1
    libinit.o(.ARM.Collect$$libinit$$00000000) refers (Special) to libinit2.o(.ARM.Collect$$libinit$$00000013) for __rt_lib_init_lc_ctype_1
    libinit.o(.ARM.Collect$$libinit$$00000000) refers (Special) to libinit2.o(.ARM.Collect$$libinit$$00000015) for __rt_lib_init_lc_monetary_1
    libinit.o(.ARM.Collect$$libinit$$00000000) refers (Special) to libinit2.o(.ARM.Collect$$libinit$$00000017) for __rt_lib_init_lc_numeric_1
    libinit.o(.ARM.Collect$$libinit$$00000000) refers (Special) to libinit2.o(.ARM.Collect$$libinit$$00000019) for __rt_lib_init_lc_time_1
    libinit.o(.ARM.Collect$$libinit$$00000000) refers (Special) to libinit2.o(.ARM.Collect$$libinit$$00000004) for __rt_lib_init_preinit_1
    libinit.o(.ARM.Collect$$libinit$$00000000) refers (Special) to libinit2.o(.ARM.Collect$$libinit$$0000000E) for __rt_lib_init_rand_1
    libinit.o(.ARM.Collect$$libinit$$00000000) refers (Special) to libinit2.o(.ARM.Collect$$libinit$$00000033) for __rt_lib_init_return
    libinit.o(.ARM.Collect$$libinit$$00000000) refers (Special) to libinit2.o(.ARM.Collect$$libinit$$0000001D) for __rt_lib_init_signal_1
    libinit.o(.ARM.Collect$$libinit$$00000000) refers (Special) to libinit2.o(.ARM.Collect$$libinit$$00000025) for __rt_lib_init_stdio_1
    libinit.o(.ARM.Collect$$libinit$$00000000) refers (Special) to libinit2.o(.ARM.Collect$$libinit$$0000000C) for __rt_lib_init_user_alloc_1
    sys_command.o(.text) refers (Special) to use_no_semi.o(.text) for __I$use$semihosting
    sys_command.o(.text) refers (Special) to indicate_semi.o(.text) for __semihosting_library_function
    sys_command_hlt.o(.text) refers (Special) to use_no_semi.o(.text) for __I$use$semihosting
    sys_command_hlt.o(.text) refers (Special) to indicate_semi.o(.text) for __semihosting_library_function
    rtexit.o(.ARM.Collect$$rtexit$$00000000) refers (Special) to rtexit2.o(.ARM.Collect$$rtexit$$00000004) for __rt_exit_exit
    rtexit.o(.ARM.Collect$$rtexit$$00000000) refers (Special) to rtexit2.o(.ARM.Collect$$rtexit$$00000003) for __rt_exit_ls
    rtexit.o(.ARM.Collect$$rtexit$$00000000) refers (Special) to rtexit2.o(.ARM.Collect$$rtexit$$00000002) for __rt_exit_prels_1
    rtexit.o(.ARM.exidx) refers (Special) to rtexit2.o(.ARM.Collect$$rtexit$$00000004) for __rt_exit_exit
    rtexit.o(.ARM.exidx) refers (Special) to rtexit2.o(.ARM.Collect$$rtexit$$00000003) for __rt_exit_ls
    rtexit.o(.ARM.exidx) refers (Special) to rtexit2.o(.ARM.Collect$$rtexit$$00000002) for __rt_exit_prels_1
    rtexit.o(.ARM.exidx) refers to rtexit.o(.ARM.Collect$$rtexit$$00000000) for .ARM.Collect$$rtexit$$00000000
    defsig_rtmem_outer.o(.text) refers to defsig_rtmem_inner.o(.text) for __rt_SIGRTMEM_inner
    defsig_rtmem_outer.o(.text) refers to defsig_exit.o(.text) for __sig_exit
    defsig_rtmem_formal.o(.text) refers to rt_raise.o(.text) for __rt_raise
    rtexit2.o(.ARM.Collect$$rtexit$$00000003) refers to libshutdown.o(.ARM.Collect$$libshutdown$$00000000) for __rt_lib_shutdown
    rtexit2.o(.ARM.Collect$$rtexit$$00000004) refers to sys_exit.o(.text) for _sys_exit
    rtexit2.o(.ARM.exidx) refers to rtexit2.o(.ARM.Collect$$rtexit$$00000001) for .ARM.Collect$$rtexit$$00000001
    rtexit2.o(.ARM.exidx) refers to rtexit2.o(.ARM.Collect$$rtexit$$00000003) for .ARM.Collect$$rtexit$$00000003
    rtexit2.o(.ARM.exidx) refers to rtexit2.o(.ARM.Collect$$rtexit$$00000004) for .ARM.Collect$$rtexit$$00000004
    rt_raise.o(.text) refers to __raise.o(.text) for __raise
    rt_raise.o(.text) refers to sys_exit.o(.text) for _sys_exit
    defsig_exit.o(.text) refers to sys_exit.o(.text) for _sys_exit
    defsig_rtmem_inner.o(.text) refers to defsig_general.o(.text) for __default_signal_display
    sys_exit.o(.text) refers (Special) to use_no_semi.o(.text) for __I$use$semihosting
    sys_exit.o(.text) refers (Special) to indicate_semi.o(.text) for __semihosting_library_function
    sys_exit_hlt.o(.text) refers (Special) to use_no_semi.o(.text) for __I$use$semihosting
    sys_exit_hlt.o(.text) refers (Special) to indicate_semi.o(.text) for __semihosting_library_function
    __raise.o(.text) refers to defsig.o(CL$$defsig) for __default_signal_handler
    defsig_general.o(.text) refers to sys_wrch.o(.text) for _ttywrch
    libshutdown.o(.ARM.Collect$$libshutdown$$00000000) refers (Special) to libshutdown2.o(.ARM.Collect$$libshutdown$$00000002) for __rt_lib_shutdown_cpp_1
    libshutdown.o(.ARM.Collect$$libshutdown$$00000000) refers (Special) to libshutdown2.o(.ARM.Collect$$libshutdown$$00000007) for __rt_lib_shutdown_fp_trap_1
    libshutdown.o(.ARM.Collect$$libshutdown$$00000000) refers (Special) to libshutdown2.o(.ARM.Collect$$libshutdown$$0000000F) for __rt_lib_shutdown_heap_1
    libshutdown.o(.ARM.Collect$$libshutdown$$00000000) refers (Special) to libshutdown2.o(.ARM.Collect$$libshutdown$$00000010) for __rt_lib_shutdown_return
    libshutdown.o(.ARM.Collect$$libshutdown$$00000000) refers (Special) to libshutdown2.o(.ARM.Collect$$libshutdown$$0000000A) for __rt_lib_shutdown_signal_1
    libshutdown.o(.ARM.Collect$$libshutdown$$00000000) refers (Special) to libshutdown2.o(.ARM.Collect$$libshutdown$$00000004) for __rt_lib_shutdown_stdio_1
    libshutdown.o(.ARM.Collect$$libshutdown$$00000000) refers (Special) to libshutdown2.o(.ARM.Collect$$libshutdown$$0000000C) for __rt_lib_shutdown_user_alloc_1
    sys_wrch.o(.text) refers (Special) to use_no_semi.o(.text) for __I$use$semihosting
    sys_wrch.o(.text) refers (Special) to indicate_semi.o(.text) for __semihosting_library_function
    sys_wrch_hlt.o(.text) refers (Special) to use_no_semi.o(.text) for __I$use$semihosting
    sys_wrch_hlt.o(.text) refers (Special) to indicate_semi.o(.text) for __semihosting_library_function
    defsig.o(CL$$defsig) refers to defsig_rtmem_inner.o(.text) for __rt_SIGRTMEM_inner
    defsig_abrt_inner.o(.text) refers to defsig_general.o(.text) for __default_signal_display
    defsig_fpe_inner.o(.text) refers to defsig_general.o(.text) for __default_signal_display
    defsig_rtred_inner.o(.text) refers to defsig_general.o(.text) for __default_signal_display
    defsig_stak_inner.o(.text) refers to defsig_general.o(.text) for __default_signal_display
    defsig_pvfn_inner.o(.text) refers to defsig_general.o(.text) for __default_signal_display
    defsig_cppl_inner.o(.text) refers to defsig_general.o(.text) for __default_signal_display
    defsig_segv_inner.o(.text) refers to defsig_general.o(.text) for __default_signal_display
    defsig_other.o(.text) refers to defsig_general.o(.text) for __default_signal_display


==============================================================================

Removing Unused input sections from the image.

    Removing speed controller part 3.o(.text), (0 bytes).
    Removing speed controller part 3.o(.ARM.exidx.text.main), (8 bytes).
    Removing speed controller part 3.o(.ARM.exidx.text.Port_init), (8 bytes).
    Removing speed controller part 3.o(.ARM.exidx.text.LCD_init), (8 bytes).
    Removing speed controller part 3.o(.ARM.exidx.text.Initialize), (8 bytes).
    Removing speed controller part 3.o(.ARM.exidx.text.SetOutputLimits), (8 bytes).
    Removing speed controller part 3.o(.ARM.exidx.text.SetSampleTime), (8 bytes).
    Removing speed controller part 3.o(.ARM.exidx.text.SetTunings), (8 bytes).
    Removing speed controller part 3.o(.ARM.exidx.text.CruiseControlSetup), (8 bytes).
    Removing speed controller part 3.o(.ARM.exidx.text.CruiseControlFunc), (8 bytes).
    Removing speed controller part 3.o(.ARM.exidx.text.ManualMode), (8 bytes).
    Removing speed controller part 3.o(.ARM.exidx.text.__NVIC_SetPriority), (8 bytes).
    Removing speed controller part 3.o(.ARM.exidx.text.__NVIC_EnableIRQ), (8 bytes).
    Removing speed controller part 3.o(.ARM.exidx.text.delayMs), (8 bytes).
    Removing speed controller part 3.o(.ARM.exidx.text.LCD_command), (8 bytes).
    Removing speed controller part 3.o(.ARM.exidx.text.LCD_data), (8 bytes).
    Removing speed controller part 3.o(.ARM.exidx.text.Grab_Conversion_Data), (8 bytes).
    Removing speed controller part 3.o(.ARM.exidx.text.Voltage_Display), (8 bytes).
    Removing speed controller part 3.o(.ARM.exidx.text.Send_A_String), (8 bytes).
    Removing speed controller part 3.o(.ARM.exidx.text.Pulse_Width_Modulator), (8 bytes).
    Removing speed controller part 3.o(.ARM.exidx.text.RPM_Display), (8 bytes).
    Removing speed controller part 3.o(.ARM.exidx.text.EXTI0_IRQHandler), (8 bytes).
    Removing speed controller part 3.o(.text.Compute), (344 bytes).
    Removing speed controller part 3.o(.ARM.exidx.text.Compute), (8 bytes).
    Removing speed controller part 3.o(.bss.lastTime), (8 bytes).
    Removing speed controller part 3.o(.ARM.use_no_argv), (4 bytes).
    Removing system_stm32f4xx.o(.text), (0 bytes).
    Removing system_stm32f4xx.o(.ARM.exidx.text.SystemInit), (8 bytes).
    Removing system_stm32f4xx.o(.text.SystemCoreClockUpdate), (126 bytes).
    Removing system_stm32f4xx.o(.ARM.exidx.text.SystemCoreClockUpdate), (8 bytes).
    Removing system_stm32f4xx.o(.data.SystemCoreClock), (4 bytes).
    Removing system_stm32f4xx.o(.rodata.AHBPrescTable), (16 bytes).
    Removing system_stm32f4xx.o(.rodata.APBPrescTable), (8 bytes).

33 unused section(s) (total 702 bytes) removed from the image.

==============================================================================

Image Symbol Table

    Local Symbols

    Symbol Name                              Value     Ov Type        Size  Object(Section)

    ../clib/angel/boardlib.s                 0x00000000   Number         0  boardinit1.o ABSOLUTE
    ../clib/angel/boardlib.s                 0x00000000   Number         0  boardinit2.o ABSOLUTE
    ../clib/angel/boardlib.s                 0x00000000   Number         0  boardinit3.o ABSOLUTE
    ../clib/angel/boardlib.s                 0x00000000   Number         0  boardshut.o ABSOLUTE
    ../clib/angel/handlers.s                 0x00000000   Number         0  __scatter_copy.o ABSOLUTE
    ../clib/angel/handlers.s                 0x00000000   Number         0  __scatter_zi.o ABSOLUTE
    ../clib/angel/kernel.s                   0x00000000   Number         0  __rtentry.o ABSOLUTE
    ../clib/angel/kernel.s                   0x00000000   Number         0  __rtentry2.o ABSOLUTE
    ../clib/angel/kernel.s                   0x00000000   Number         0  __rtentry4.o ABSOLUTE
    ../clib/angel/kernel.s                   0x00000000   Number         0  rtexit.o ABSOLUTE
    ../clib/angel/kernel.s                   0x00000000   Number         0  rtexit2.o ABSOLUTE
    ../clib/angel/rt.s                       0x00000000   Number         0  rt_locale.o ABSOLUTE
    ../clib/angel/rt.s                       0x00000000   Number         0  rt_locale_intlibspace.o ABSOLUTE
    ../clib/angel/rt.s                       0x00000000   Number         0  rt_raise.o ABSOLUTE
    ../clib/angel/scatter.s                  0x00000000   Number         0  __scatter.o ABSOLUTE
    ../clib/angel/startup.s                  0x00000000   Number         0  __main.o ABSOLUTE
    ../clib/angel/sys.s                      0x00000000   Number         0  use_no_semi.o ABSOLUTE
    ../clib/angel/sys.s                      0x00000000   Number         0  indicate_semi.o ABSOLUTE
    ../clib/angel/sys.s                      0x00000000   Number         0  libspace.o ABSOLUTE
    ../clib/angel/sys.s                      0x00000000   Number         0  sys_stackheap_outer.o ABSOLUTE
    ../clib/angel/sysapp.c                   0x00000000   Number         0  sys_clock.o ABSOLUTE
    ../clib/angel/sysapp.c                   0x00000000   Number         0  sys_clock_hlt.o ABSOLUTE
    ../clib/angel/sysapp.c                   0x00000000   Number         0  sys_command.o ABSOLUTE
    ../clib/angel/sysapp.c                   0x00000000   Number         0  sys_command_hlt.o ABSOLUTE
    ../clib/angel/sysapp.c                   0x00000000   Number         0  sys_exit.o ABSOLUTE
    ../clib/angel/sysapp.c                   0x00000000   Number         0  sys_exit_hlt.o ABSOLUTE
    ../clib/angel/sysapp.c                   0x00000000   Number         0  sys_wrch.o ABSOLUTE
    ../clib/angel/sysapp.c                   0x00000000   Number         0  sys_wrch_hlt.o ABSOLUTE
    ../clib/armsys.c                         0x00000000   Number         0  argv_veneer.o ABSOLUTE
    ../clib/armsys.c                         0x00000000   Number         0  argv_veneer.o ABSOLUTE
    ../clib/armsys.c                         0x00000000   Number         0  _get_argv_nomalloc.o ABSOLUTE
    ../clib/armsys.c                         0x00000000   Number         0  no_argv.o ABSOLUTE
    ../clib/bigflt.c                         0x00000000   Number         0  bigflt0.o ABSOLUTE
    ../clib/btod.s                           0x00000000   Number         0  btod.o ABSOLUTE
    ../clib/btod_accurate.c                  0x00000000   Number         0  btod_accurate.o ABSOLUTE
    ../clib/btod_accurate.c                  0x00000000   Number         0  btod_accurate_common.o ABSOLUTE
    ../clib/heapalloc.c                      0x00000000   Number         0  hrguard.o ABSOLUTE
    ../clib/heapaux.c                        0x00000000   Number         0  heapauxi.o ABSOLUTE
    ../clib/libinit.s                        0x00000000   Number         0  libinit2.o ABSOLUTE
    ../clib/libinit.s                        0x00000000   Number         0  libinit.o ABSOLUTE
    ../clib/libinit.s                        0x00000000   Number         0  libshutdown.o ABSOLUTE
    ../clib/libinit.s                        0x00000000   Number         0  libshutdown2.o ABSOLUTE
    ../clib/locale.s                         0x00000000   Number         0  lc_numeric_c.o ABSOLUTE
    ../clib/longlong.s                       0x00000000   Number         0  lludiv10.o ABSOLUTE
    ../clib/longlong.s                       0x00000000   Number         0  llushr.o ABSOLUTE
    ../clib/memcpset.s                       0x00000000   Number         0  strcmpv7em.o ABSOLUTE
    ../clib/misc.s                           0x00000000   Number         0  printf_stubs.o ABSOLUTE
    ../clib/printf.c                         0x00000000   Number         0  __2sprintf.o ABSOLUTE
    ../clib/printf.c                         0x00000000   Number         0  noretval__2sprintf.o ABSOLUTE
    ../clib/printf.c                         0x00000000   Number         0  __printf.o ABSOLUTE
    ../clib/printf.c                         0x00000000   Number         0  __printf_flags.o ABSOLUTE
    ../clib/printf.c                         0x00000000   Number         0  __printf_ss.o ABSOLUTE
    ../clib/printf.c                         0x00000000   Number         0  __printf_flags_ss.o ABSOLUTE
    ../clib/printf.c                         0x00000000   Number         0  __printf_wp.o ABSOLUTE
    ../clib/printf.c                         0x00000000   Number         0  __printf_flags_wp.o ABSOLUTE
    ../clib/printf.c                         0x00000000   Number         0  __printf_ss_wp.o ABSOLUTE
    ../clib/printf.c                         0x00000000   Number         0  __printf_flags_ss_wp.o ABSOLUTE
    ../clib/printf.c                         0x00000000   Number         0  _printf_fp_dec.o ABSOLUTE
    ../clib/printf.c                         0x00000000   Number         0  _printf_fp_dec_accurate.o ABSOLUTE
    ../clib/printf.c                         0x00000000   Number         0  _printf_char_common.o ABSOLUTE
    ../clib/printf.c                         0x00000000   Number         0  _sputc.o ABSOLUTE
    ../clib/printf.c                         0x00000000   Number         0  _printf_fp_infnan.o ABSOLUTE
    ../clib/printf.c                         0x00000000   Number         0  __printf_nopercent.o ABSOLUTE
    ../clib/printf_percent.s                 0x00000000   Number         0  _printf_f.o ABSOLUTE
    ../clib/printf_percent.s                 0x00000000   Number         0  _printf_percent.o ABSOLUTE
    ../clib/printf_percent.s                 0x00000000   Number         0  _printf_percent_end.o ABSOLUTE
    ../clib/signal.c                         0x00000000   Number         0  defsig_rtmem_outer.o ABSOLUTE
    ../clib/signal.c                         0x00000000   Number         0  defsig_rtmem_formal.o ABSOLUTE
    ../clib/signal.c                         0x00000000   Number         0  defsig_exit.o ABSOLUTE
    ../clib/signal.c                         0x00000000   Number         0  defsig_rtmem_inner.o ABSOLUTE
    ../clib/signal.c                         0x00000000   Number         0  __raise.o ABSOLUTE
    ../clib/signal.c                         0x00000000   Number         0  defsig_general.o ABSOLUTE
    ../clib/signal.c                         0x00000000   Number         0  defsig_abrt_inner.o ABSOLUTE
    ../clib/signal.c                         0x00000000   Number         0  defsig_fpe_inner.o ABSOLUTE
    ../clib/signal.c                         0x00000000   Number         0  defsig_rtred_inner.o ABSOLUTE
    ../clib/signal.c                         0x00000000   Number         0  defsig_stak_inner.o ABSOLUTE
    ../clib/signal.c                         0x00000000   Number         0  defsig_pvfn_inner.o ABSOLUTE
    ../clib/signal.c                         0x00000000   Number         0  defsig_cppl_inner.o ABSOLUTE
    ../clib/signal.c                         0x00000000   Number         0  defsig_segv_inner.o ABSOLUTE
    ../clib/signal.c                         0x00000000   Number         0  defsig_other.o ABSOLUTE
    ../clib/signal.s                         0x00000000   Number         0  defsig.o ABSOLUTE
    ../clib/stdlib.c                         0x00000000   Number         0  exit.o ABSOLUTE
    ../fplib/daddsub.s                       0x00000000   Number         0  daddsub_clz.o ABSOLUTE
    ../fplib/dcmp.s                          0x00000000   Number         0  dcmp.o ABSOLUTE
    ../fplib/dcmpi.s                         0x00000000   Number         0  dcmpi.o ABSOLUTE
    ../fplib/deqf.s                          0x00000000   Number         0  deqf.o ABSOLUTE
    ../fplib/dflt.s                          0x00000000   Number         0  dflt_clz.o ABSOLUTE
    ../fplib/dgeqf.s                         0x00000000   Number         0  dgeqf.o ABSOLUTE
    ../fplib/dleqf.s                         0x00000000   Number         0  dleqf.o ABSOLUTE
    ../fplib/dnaninf.s                       0x00000000   Number         0  dnaninf.o ABSOLUTE
    ../fplib/dretinf.s                       0x00000000   Number         0  dretinf.o ABSOLUTE
    ../fplib/f2d.s                           0x00000000   Number         0  f2d.o ABSOLUTE
    ../fplib/fnaninf.s                       0x00000000   Number         0  fnaninf.o ABSOLUTE
    ../fplib/fpinit.s                        0x00000000   Number         0  fpinit.o ABSOLUTE
    ../fplib/istatus.s                       0x00000000   Number         0  istatus.o ABSOLUTE
    ../fplib/printf1.s                       0x00000000   Number         0  printf1.o ABSOLUTE
    ../fplib/usenofp.s                       0x00000000   Number         0  usenofp.o ABSOLUTE
    ../mathlib/fpclassify.c                  0x00000000   Number         0  fpclassify.o ABSOLUTE
    RTE/Device/STM32F446RETx/startup_stm32f446xx.s 0x00000000   Number         0  startup_stm32f446xx.o ABSOLUTE
    Speed Controller Part 3.c                0x00000000   Number         0  speed controller part 3.o ABSOLUTE
    dc.s                                     0x00000000   Number         0  dc.o ABSOLUTE
    system_stm32f4xx.c                       0x00000000   Number         0  system_stm32f4xx.o ABSOLUTE
    RESET                                    0x08000000   Section      452  startup_stm32f446xx.o(RESET)
    !!!main                                  0x080001c4   Section        8  __main.o(!!!main)
    !!!scatter                               0x080001cc   Section       52  __scatter.o(!!!scatter)
    !!handler_copy                           0x08000200   Section       26  __scatter_copy.o(!!handler_copy)
    !!handler_zi                             0x0800021c   Section       28  __scatter_zi.o(!!handler_zi)
    .ARM.Collect$$_printf_percent$$00000000  0x08000238   Section        0  _printf_percent.o(.ARM.Collect$$_printf_percent$$00000000)
    .ARM.Collect$$_printf_percent$$00000003  0x08000238   Section        6  _printf_f.o(.ARM.Collect$$_printf_percent$$00000003)
    .ARM.Collect$$_printf_percent$$00000017  0x0800023e   Section        4  _printf_percent_end.o(.ARM.Collect$$_printf_percent$$00000017)
    .ARM.Collect$$libinit$$00000000          0x08000242   Section        2  libinit.o(.ARM.Collect$$libinit$$00000000)
    .ARM.Collect$$libinit$$00000001          0x08000244   Section        4  libinit2.o(.ARM.Collect$$libinit$$00000001)
    .ARM.Collect$$libinit$$00000004          0x08000248   Section        0  libinit2.o(.ARM.Collect$$libinit$$00000004)
    .ARM.Collect$$libinit$$0000000A          0x08000248   Section        0  libinit2.o(.ARM.Collect$$libinit$$0000000A)
    .ARM.Collect$$libinit$$0000000C          0x08000248   Section        0  libinit2.o(.ARM.Collect$$libinit$$0000000C)
    .ARM.Collect$$libinit$$0000000E          0x08000248   Section        0  libinit2.o(.ARM.Collect$$libinit$$0000000E)
    .ARM.Collect$$libinit$$0000000F          0x08000248   Section        6  libinit2.o(.ARM.Collect$$libinit$$0000000F)
    .ARM.Collect$$libinit$$00000011          0x0800024e   Section        0  libinit2.o(.ARM.Collect$$libinit$$00000011)
    .ARM.Collect$$libinit$$00000013          0x0800024e   Section        0  libinit2.o(.ARM.Collect$$libinit$$00000013)
    .ARM.Collect$$libinit$$00000015          0x0800024e   Section        0  libinit2.o(.ARM.Collect$$libinit$$00000015)
    .ARM.Collect$$libinit$$00000016          0x0800024e   Section       10  libinit2.o(.ARM.Collect$$libinit$$00000016)
    .ARM.Collect$$libinit$$00000017          0x08000258   Section        0  libinit2.o(.ARM.Collect$$libinit$$00000017)
    .ARM.Collect$$libinit$$00000019          0x08000258   Section        0  libinit2.o(.ARM.Collect$$libinit$$00000019)
    .ARM.Collect$$libinit$$0000001B          0x08000258   Section        0  libinit2.o(.ARM.Collect$$libinit$$0000001B)
    .ARM.Collect$$libinit$$0000001D          0x08000258   Section        0  libinit2.o(.ARM.Collect$$libinit$$0000001D)
    .ARM.Collect$$libinit$$0000001F          0x08000258   Section        0  libinit2.o(.ARM.Collect$$libinit$$0000001F)
    .ARM.Collect$$libinit$$00000021          0x08000258   Section        0  libinit2.o(.ARM.Collect$$libinit$$00000021)
    .ARM.Collect$$libinit$$00000023          0x08000258   Section        0  libinit2.o(.ARM.Collect$$libinit$$00000023)
    .ARM.Collect$$libinit$$00000025          0x08000258   Section        0  libinit2.o(.ARM.Collect$$libinit$$00000025)
    .ARM.Collect$$libinit$$0000002C          0x08000258   Section        0  libinit2.o(.ARM.Collect$$libinit$$0000002C)
    .ARM.Collect$$libinit$$0000002E          0x08000258   Section        0  libinit2.o(.ARM.Collect$$libinit$$0000002E)
    .ARM.Collect$$libinit$$00000030          0x08000258   Section        0  libinit2.o(.ARM.Collect$$libinit$$00000030)
    .ARM.Collect$$libinit$$00000032          0x08000258   Section        0  libinit2.o(.ARM.Collect$$libinit$$00000032)
    .ARM.Collect$$libinit$$00000033          0x08000258   Section        2  libinit2.o(.ARM.Collect$$libinit$$00000033)
    .ARM.Collect$$libshutdown$$00000000      0x0800025a   Section        2  libshutdown.o(.ARM.Collect$$libshutdown$$00000000)
    .ARM.Collect$$libshutdown$$00000002      0x0800025c   Section        0  libshutdown2.o(.ARM.Collect$$libshutdown$$00000002)
    .ARM.Collect$$libshutdown$$00000004      0x0800025c   Section        0  libshutdown2.o(.ARM.Collect$$libshutdown$$00000004)
    .ARM.Collect$$libshutdown$$00000007      0x0800025c   Section        0  libshutdown2.o(.ARM.Collect$$libshutdown$$00000007)
    .ARM.Collect$$libshutdown$$0000000A      0x0800025c   Section        0  libshutdown2.o(.ARM.Collect$$libshutdown$$0000000A)
    .ARM.Collect$$libshutdown$$0000000C      0x0800025c   Section        0  libshutdown2.o(.ARM.Collect$$libshutdown$$0000000C)
    .ARM.Collect$$libshutdown$$0000000F      0x0800025c   Section        0  libshutdown2.o(.ARM.Collect$$libshutdown$$0000000F)
    .ARM.Collect$$libshutdown$$00000010      0x0800025c   Section        2  libshutdown2.o(.ARM.Collect$$libshutdown$$00000010)
    .ARM.Collect$$rtentry$$00000000          0x0800025e   Section        0  __rtentry.o(.ARM.Collect$$rtentry$$00000000)
    .ARM.Collect$$rtentry$$00000002          0x0800025e   Section        0  __rtentry2.o(.ARM.Collect$$rtentry$$00000002)
    .ARM.Collect$$rtentry$$00000004          0x0800025e   Section        6  __rtentry4.o(.ARM.Collect$$rtentry$$00000004)
    .ARM.Collect$$rtentry$$00000009          0x08000264   Section        0  __rtentry2.o(.ARM.Collect$$rtentry$$00000009)
    .ARM.Collect$$rtentry$$0000000A          0x08000264   Section        4  __rtentry2.o(.ARM.Collect$$rtentry$$0000000A)
    .ARM.Collect$$rtentry$$0000000C          0x08000268   Section        0  __rtentry2.o(.ARM.Collect$$rtentry$$0000000C)
    .ARM.Collect$$rtentry$$0000000D          0x08000268   Section        8  __rtentry2.o(.ARM.Collect$$rtentry$$0000000D)
    .ARM.Collect$$rtexit$$00000000           0x08000270   Section        2  rtexit.o(.ARM.Collect$$rtexit$$00000000)
    .ARM.Collect$$rtexit$$00000002           0x08000272   Section        0  rtexit2.o(.ARM.Collect$$rtexit$$00000002)
    .ARM.Collect$$rtexit$$00000003           0x08000272   Section        4  rtexit2.o(.ARM.Collect$$rtexit$$00000003)
    .ARM.Collect$$rtexit$$00000004           0x08000276   Section        6  rtexit2.o(.ARM.Collect$$rtexit$$00000004)
    $v0                                      0x0800027c   Number         0  startup_stm32f446xx.o(.text)
    .text                                    0x0800027c   Section       64  startup_stm32f446xx.o(.text)
    .text                                    0x080002bc   Section        0  noretval__2sprintf.o(.text)
    .text                                    0x080002e4   Section        0  __printf_wp.o(.text)
    .text                                    0x080003f2   Section        0  heapauxi.o(.text)
    .text                                    0x080003f8   Section        2  use_no_semi.o(.text)
    _fp_digits                               0x080003fb   Thumb Code   432  _printf_fp_dec.o(.text)
    .text                                    0x080003fa   Section        0  indicate_semi.o(.text)
    .text                                    0x080003fa   Section        0  _printf_fp_dec.o(.text)
    _printf_input_char                       0x08000819   Thumb Code    10  _printf_char_common.o(.text)
    .text                                    0x08000818   Section        0  _printf_char_common.o(.text)
    .text                                    0x08000848   Section        0  _sputc.o(.text)
    .text                                    0x08000854   Section        8  rt_locale_intlibspace.o(.text)
    .text                                    0x0800085c   Section      138  lludiv10.o(.text)
    .text                                    0x080008e8   Section        0  _printf_fp_infnan.o(.text)
    .text                                    0x08000968   Section        0  bigflt0.o(.text)
    .text                                    0x08000a4c   Section        8  libspace.o(.text)
    .text                                    0x08000a54   Section       74  sys_stackheap_outer.o(.text)
    .text                                    0x08000a9e   Section        0  exit.o(.text)
    .text                                    0x08000ab0   Section      124  strcmpv7em.o(.text)
    .text                                    0x08000b2c   Section        0  sys_exit.o(.text)
    [Anonymous Symbol]                       0x08000b38   Section        0  speed controller part 3.o(.text.CruiseControlFunc)
    [Anonymous Symbol]                       0x08000b94   Section        0  speed controller part 3.o(.text.CruiseControlSetup)
    [Anonymous Symbol]                       0x08000bb8   Section        0  speed controller part 3.o(.text.EXTI0_IRQHandler)
    [Anonymous Symbol]                       0x08000bf8   Section        0  speed controller part 3.o(.text.Grab_Conversion_Data)
    [Anonymous Symbol]                       0x08000c28   Section        0  speed controller part 3.o(.text.Initialize)
    [Anonymous Symbol]                       0x08000c90   Section        0  speed controller part 3.o(.text.LCD_command)
    [Anonymous Symbol]                       0x08000cc4   Section        0  speed controller part 3.o(.text.LCD_data)
    [Anonymous Symbol]                       0x08000cf8   Section        0  speed controller part 3.o(.text.LCD_init)
    [Anonymous Symbol]                       0x08000d38   Section        0  speed controller part 3.o(.text.ManualMode)
    [Anonymous Symbol]                       0x08000d64   Section        0  speed controller part 3.o(.text.Port_init)
    [Anonymous Symbol]                       0x08000e50   Section        0  speed controller part 3.o(.text.Pulse_Width_Modulator)
    [Anonymous Symbol]                       0x08000ecc   Section        0  speed controller part 3.o(.text.RPM_Display)
    [Anonymous Symbol]                       0x08000f48   Section        0  speed controller part 3.o(.text.Send_A_String)
    [Anonymous Symbol]                       0x08000f64   Section        0  speed controller part 3.o(.text.SetOutputLimits)
    [Anonymous Symbol]                       0x08000ff0   Section        0  speed controller part 3.o(.text.SetSampleTime)
    [Anonymous Symbol]                       0x08001040   Section        0  speed controller part 3.o(.text.SetTunings)
    [Anonymous Symbol]                       0x080010ac   Section        0  system_stm32f4xx.o(.text.SystemInit)
    [Anonymous Symbol]                       0x08001104   Section        0  speed controller part 3.o(.text.Voltage_Display)
    __NVIC_EnableIRQ                         0x08001155   Thumb Code    14  speed controller part 3.o(.text.__NVIC_EnableIRQ)
    [Anonymous Symbol]                       0x08001154   Section        0  speed controller part 3.o(.text.__NVIC_EnableIRQ)
    __NVIC_SetPriority                       0x08001165   Thumb Code    14  speed controller part 3.o(.text.__NVIC_SetPriority)
    [Anonymous Symbol]                       0x08001164   Section        0  speed controller part 3.o(.text.__NVIC_SetPriority)
    [Anonymous Symbol]                       0x08001174   Section        0  speed controller part 3.o(.text.delayMs)
    [Anonymous Symbol]                       0x080011a8   Section        0  speed controller part 3.o(.text.main)
    CL$$btod_d2e                             0x08001218   Section       62  btod.o(CL$$btod_d2e)
    CL$$btod_d2e_denorm_low                  0x08001256   Section       70  btod.o(CL$$btod_d2e_denorm_low)
    CL$$btod_d2e_norm_op1                    0x0800129c   Section       96  btod.o(CL$$btod_d2e_norm_op1)
    CL$$btod_div_common                      0x080012fc   Section      824  btod.o(CL$$btod_div_common)
    CL$$btod_e2e                             0x08001634   Section      220  btod.o(CL$$btod_e2e)
    CL$$btod_ediv                            0x08001710   Section       42  btod.o(CL$$btod_ediv)
    CL$$btod_emul                            0x0800173a   Section       42  btod.o(CL$$btod_emul)
    CL$$btod_mult_common                     0x08001764   Section      580  btod.o(CL$$btod_mult_common)
    i.__ARM_fpclassify                       0x080019a8   Section        0  fpclassify.o(i.__ARM_fpclassify)
    i._is_digit                              0x080019d8   Section        0  __printf_wp.o(i._is_digit)
    locale$$code                             0x080019e8   Section       44  lc_numeric_c.o(locale$$code)
    $v0                                      0x08001a14   Number         0  dretinf.o(x$fpl$dretinf)
    x$fpl$dretinf                            0x08001a14   Section       12  dretinf.o(x$fpl$dretinf)
    $v0                                      0x08001a20   Number         0  f2d.o(x$fpl$f2d)
    x$fpl$f2d                                0x08001a20   Section       86  f2d.o(x$fpl$f2d)
    $v0                                      0x08001a76   Number         0  fnaninf.o(x$fpl$fnaninf)
    x$fpl$fnaninf                            0x08001a76   Section      140  fnaninf.o(x$fpl$fnaninf)
    $v0                                      0x08001b02   Number         0  fpinit.o(x$fpl$fpinit)
    x$fpl$fpinit                             0x08001b02   Section       26  fpinit.o(x$fpl$fpinit)
    $v0                                      0x08001b1c   Number         0  printf1.o(x$fpl$printf1)
    x$fpl$printf1                            0x08001b1c   Section        4  printf1.o(x$fpl$printf1)
    tenpwrs_x                                0x08001b20   Data          60  bigflt0.o(.constdata)
    .constdata                               0x08001b20   Section      148  bigflt0.o(.constdata)
    x$fpl$usenofp                            0x08001b20   Section        0  usenofp.o(x$fpl$usenofp)
    tenpwrs_i                                0x08001b5c   Data          64  bigflt0.o(.constdata)
    locale$$data                             0x08001bd4   Section       28  lc_numeric_c.o(locale$$data)
    __lcnum_c_name                           0x08001bd8   Data           2  lc_numeric_c.o(locale$$data)
    __lcnum_c_start                          0x08001be0   Data           0  lc_numeric_c.o(locale$$data)
    __lcnum_c_point                          0x08001bec   Data           0  lc_numeric_c.o(locale$$data)
    __lcnum_c_thousands                      0x08001bee   Data           0  lc_numeric_c.o(locale$$data)
    __lcnum_c_grouping                       0x08001bef   Data           0  lc_numeric_c.o(locale$$data)
    __lcnum_c_end                            0x08001bf0   Data           0  lc_numeric_c.o(locale$$data)
    SampleTime                               0x20000000   Data           4  speed controller part 3.o(.data.SampleTime)
    [Anonymous Symbol]                       0x20000000   Section        0  speed controller part 3.o(.data.SampleTime)
    .bss                                     0x20000008   Section       96  libspace.o(.bss)
    CruiseControl                            0x20000068   Data           1  speed controller part 3.o(.bss.CruiseControl)
    [Anonymous Symbol]                       0x20000068   Section        0  speed controller part 3.o(.bss.CruiseControl)
    CruiseControlRPM                         0x2000006c   Data           4  speed controller part 3.o(.bss.CruiseControlRPM)
    [Anonymous Symbol]                       0x2000006c   Section        0  speed controller part 3.o(.bss.CruiseControlRPM)
    ITerm                                    0x20000070   Data           4  speed controller part 3.o(.bss.ITerm)
    [Anonymous Symbol]                       0x20000070   Section        0  speed controller part 3.o(.bss.ITerm)
    Last                                     0x20000074   Data           4  speed controller part 3.o(.bss.Last)
    [Anonymous Symbol]                       0x20000074   Section        0  speed controller part 3.o(.bss.Last)
    RPM                                      0x20000078   Data           4  speed controller part 3.o(.bss.RPM)
    [Anonymous Symbol]                       0x20000078   Section        0  speed controller part 3.o(.bss.RPM)
    RPM_Buffer                               0x2000007c   Data          18  speed controller part 3.o(.bss.RPM_Buffer)
    [Anonymous Symbol]                       0x2000007c   Section        0  speed controller part 3.o(.bss.RPM_Buffer)
    Voltage_Buffer                           0x2000008e   Data          18  speed controller part 3.o(.bss.Voltage_Buffer)
    [Anonymous Symbol]                       0x2000008e   Section        0  speed controller part 3.o(.bss.Voltage_Buffer)
    j                                        0x200000a0   Data           1  speed controller part 3.o(.bss.j)
    [Anonymous Symbol]                       0x200000a0   Section        0  speed controller part 3.o(.bss.j)
    kd                                       0x200000a4   Data           4  speed controller part 3.o(.bss.kd)
    [Anonymous Symbol]                       0x200000a4   Section        0  speed controller part 3.o(.bss.kd)
    ki                                       0x200000a8   Data           4  speed controller part 3.o(.bss.ki)
    [Anonymous Symbol]                       0x200000a8   Section        0  speed controller part 3.o(.bss.ki)
    kp                                       0x200000ac   Data           4  speed controller part 3.o(.bss.kp)
    [Anonymous Symbol]                       0x200000ac   Section        0  speed controller part 3.o(.bss.kp)
    lastInput                                0x200000b0   Data           4  speed controller part 3.o(.bss.lastInput)
    [Anonymous Symbol]                       0x200000b0   Section        0  speed controller part 3.o(.bss.lastInput)
    outMax                                   0x200000b4   Data           4  speed controller part 3.o(.bss.outMax)
    [Anonymous Symbol]                       0x200000b4   Section        0  speed controller part 3.o(.bss.outMax)
    outMin                                   0x200000b8   Data           4  speed controller part 3.o(.bss.outMin)
    [Anonymous Symbol]                       0x200000b8   Section        0  speed controller part 3.o(.bss.outMin)
    result                                   0x200000bc   Data           4  speed controller part 3.o(.bss.result)
    [Anonymous Symbol]                       0x200000bc   Section        0  speed controller part 3.o(.bss.result)
    Heap_Mem                                 0x200000c0   Data         512  startup_stm32f446xx.o(HEAP)
    HEAP                                     0x200000c0   Section      512  startup_stm32f446xx.o(HEAP)
    Stack_Mem                                0x200002c0   Data        1024  startup_stm32f446xx.o(STACK)
    STACK                                    0x200002c0   Section     1024  startup_stm32f446xx.o(STACK)
    __initial_sp                             0x200006c0   Data           0  startup_stm32f446xx.o(STACK)

    Global Symbols

    Symbol Name                              Value     Ov Type        Size  Object(Section)

    BuildAttributes$$THM_ISAv4$E$P$D$K$B$S$7EM$VFPi3$EXTD16$VFPS$VFMA$PE$A:L22UL41UL21$X:L11$S22US41US21$IEEE1$IW$~IW$USESV6$~STKCKD$USESV7$~SHL$OTIME$ROPI$IEEEJ$EBA8$UX$STANDARDLIB$REQ8$PRES8$EABIv2 0x00000000   Number         0  anon$$obj.o ABSOLUTE
    _printf_flags                            0x00000000   Number         0  printf_stubs.o ABSOLUTE
    _printf_return_value                     0x00000000   Number         0  printf_stubs.o ABSOLUTE
    _printf_sizespec                         0x00000000   Number         0  printf_stubs.o ABSOLUTE
    _printf_widthprec                        0x00000000   Number         0  printf_stubs.o ABSOLUTE
    __ARM_exceptions_init                     - Undefined Weak Reference
    __alloca_initialize                       - Undefined Weak Reference
    __arm_preinit_                            - Undefined Weak Reference
    __cpp_initialize__aeabi_                  - Undefined Weak Reference
    __cxa_finalize                            - Undefined Weak Reference
    __sigvec_lookup                           - Undefined Weak Reference
    _atexit_init                              - Undefined Weak Reference
    _call_atexit_fns                          - Undefined Weak Reference
    _fp_trap_init                             - Undefined Weak Reference
    _fp_trap_shutdown                         - Undefined Weak Reference
    _get_lc_collate                           - Undefined Weak Reference
    _get_lc_ctype                             - Undefined Weak Reference
    _get_lc_monetary                          - Undefined Weak Reference
    _get_lc_time                              - Undefined Weak Reference
    _getenv_init                              - Undefined Weak Reference
    _handle_redirection                       - Undefined Weak Reference
    _init_alloc                               - Undefined Weak Reference
    _init_user_alloc                          - Undefined Weak Reference
    _initio                                   - Undefined Weak Reference
    _printf_post_padding                      - Undefined Weak Reference
    _printf_pre_padding                       - Undefined Weak Reference
    _rand_init                                - Undefined Weak Reference
    _signal_finish                            - Undefined Weak Reference
    _signal_init                              - Undefined Weak Reference
    _terminate_alloc                          - Undefined Weak Reference
    _terminate_user_alloc                     - Undefined Weak Reference
    _terminateio                              - Undefined Weak Reference
    __Vectors_Size                           0x000001c4   Number         0  startup_stm32f446xx.o ABSOLUTE
    __Vectors                                0x08000000   Data           4  startup_stm32f446xx.o(RESET)
    __Vectors_End                            0x080001c4   Data           0  startup_stm32f446xx.o(RESET)
    __main                                   0x080001c5   Thumb Code     8  __main.o(!!!main)
    __scatterload                            0x080001cd   Thumb Code     0  __scatter.o(!!!scatter)
    __scatterload_rt2                        0x080001cd   Thumb Code    44  __scatter.o(!!!scatter)
    __scatterload_rt2_thumb_only             0x080001cd   Thumb Code     0  __scatter.o(!!!scatter)
    __scatterload_null                       0x080001db   Thumb Code     0  __scatter.o(!!!scatter)
    __scatterload_copy                       0x08000201   Thumb Code    26  __scatter_copy.o(!!handler_copy)
    __scatterload_zeroinit                   0x0800021d   Thumb Code    28  __scatter_zi.o(!!handler_zi)
    _printf_f                                0x08000239   Thumb Code     0  _printf_f.o(.ARM.Collect$$_printf_percent$$00000003)
    _printf_percent                          0x08000239   Thumb Code     0  _printf_percent.o(.ARM.Collect$$_printf_percent$$00000000)
    _printf_percent_end                      0x0800023f   Thumb Code     0  _printf_percent_end.o(.ARM.Collect$$_printf_percent$$00000017)
    __rt_lib_init                            0x08000243   Thumb Code     0  libinit.o(.ARM.Collect$$libinit$$00000000)
    __rt_lib_init_fp_1                       0x08000245   Thumb Code     0  libinit2.o(.ARM.Collect$$libinit$$00000001)
    __rt_lib_init_heap_1                     0x08000249   Thumb Code     0  libinit2.o(.ARM.Collect$$libinit$$0000000A)
    __rt_lib_init_lc_common                  0x08000249   Thumb Code     0  libinit2.o(.ARM.Collect$$libinit$$0000000F)
    __rt_lib_init_preinit_1                  0x08000249   Thumb Code     0  libinit2.o(.ARM.Collect$$libinit$$00000004)
    __rt_lib_init_rand_1                     0x08000249   Thumb Code     0  libinit2.o(.ARM.Collect$$libinit$$0000000E)
    __rt_lib_init_user_alloc_1               0x08000249   Thumb Code     0  libinit2.o(.ARM.Collect$$libinit$$0000000C)
    __rt_lib_init_lc_collate_1               0x0800024f   Thumb Code     0  libinit2.o(.ARM.Collect$$libinit$$00000011)
    __rt_lib_init_lc_ctype_1                 0x0800024f   Thumb Code     0  libinit2.o(.ARM.Collect$$libinit$$00000013)
    __rt_lib_init_lc_monetary_1              0x0800024f   Thumb Code     0  libinit2.o(.ARM.Collect$$libinit$$00000015)
    __rt_lib_init_lc_numeric_2               0x0800024f   Thumb Code     0  libinit2.o(.ARM.Collect$$libinit$$00000016)
    __rt_lib_init_alloca_1                   0x08000259   Thumb Code     0  libinit2.o(.ARM.Collect$$libinit$$0000002E)
    __rt_lib_init_argv_1                     0x08000259   Thumb Code     0  libinit2.o(.ARM.Collect$$libinit$$0000002C)
    __rt_lib_init_atexit_1                   0x08000259   Thumb Code     0  libinit2.o(.ARM.Collect$$libinit$$0000001B)
    __rt_lib_init_clock_1                    0x08000259   Thumb Code     0  libinit2.o(.ARM.Collect$$libinit$$00000021)
    __rt_lib_init_cpp_1                      0x08000259   Thumb Code     0  libinit2.o(.ARM.Collect$$libinit$$00000032)
    __rt_lib_init_exceptions_1               0x08000259   Thumb Code     0  libinit2.o(.ARM.Collect$$libinit$$00000030)
    __rt_lib_init_fp_trap_1                  0x08000259   Thumb Code     0  libinit2.o(.ARM.Collect$$libinit$$0000001F)
    __rt_lib_init_getenv_1                   0x08000259   Thumb Code     0  libinit2.o(.ARM.Collect$$libinit$$00000023)
    __rt_lib_init_lc_numeric_1               0x08000259   Thumb Code     0  libinit2.o(.ARM.Collect$$libinit$$00000017)
    __rt_lib_init_lc_time_1                  0x08000259   Thumb Code     0  libinit2.o(.ARM.Collect$$libinit$$00000019)
    __rt_lib_init_return                     0x08000259   Thumb Code     0  libinit2.o(.ARM.Collect$$libinit$$00000033)
    __rt_lib_init_signal_1                   0x08000259   Thumb Code     0  libinit2.o(.ARM.Collect$$libinit$$0000001D)
    __rt_lib_init_stdio_1                    0x08000259   Thumb Code     0  libinit2.o(.ARM.Collect$$libinit$$00000025)
    __rt_lib_shutdown                        0x0800025b   Thumb Code     0  libshutdown.o(.ARM.Collect$$libshutdown$$00000000)
    __rt_lib_shutdown_cpp_1                  0x0800025d   Thumb Code     0  libshutdown2.o(.ARM.Collect$$libshutdown$$00000002)
    __rt_lib_shutdown_fp_trap_1              0x0800025d   Thumb Code     0  libshutdown2.o(.ARM.Collect$$libshutdown$$00000007)
    __rt_lib_shutdown_heap_1                 0x0800025d   Thumb Code     0  libshutdown2.o(.ARM.Collect$$libshutdown$$0000000F)
    __rt_lib_shutdown_return                 0x0800025d   Thumb Code     0  libshutdown2.o(.ARM.Collect$$libshutdown$$00000010)
    __rt_lib_shutdown_signal_1               0x0800025d   Thumb Code     0  libshutdown2.o(.ARM.Collect$$libshutdown$$0000000A)
    __rt_lib_shutdown_stdio_1                0x0800025d   Thumb Code     0  libshutdown2.o(.ARM.Collect$$libshutdown$$00000004)
    __rt_lib_shutdown_user_alloc_1           0x0800025d   Thumb Code     0  libshutdown2.o(.ARM.Collect$$libshutdown$$0000000C)
    __rt_entry                               0x0800025f   Thumb Code     0  __rtentry.o(.ARM.Collect$$rtentry$$00000000)
    __rt_entry_presh_1                       0x0800025f   Thumb Code     0  __rtentry2.o(.ARM.Collect$$rtentry$$00000002)
    __rt_entry_sh                            0x0800025f   Thumb Code     0  __rtentry4.o(.ARM.Collect$$rtentry$$00000004)
    __rt_entry_li                            0x08000265   Thumb Code     0  __rtentry2.o(.ARM.Collect$$rtentry$$0000000A)
    __rt_entry_postsh_1                      0x08000265   Thumb Code     0  __rtentry2.o(.ARM.Collect$$rtentry$$00000009)
    __rt_entry_main                          0x08000269   Thumb Code     0  __rtentry2.o(.ARM.Collect$$rtentry$$0000000D)
    __rt_entry_postli_1                      0x08000269   Thumb Code     0  __rtentry2.o(.ARM.Collect$$rtentry$$0000000C)
    __rt_exit                                0x08000271   Thumb Code     0  rtexit.o(.ARM.Collect$$rtexit$$00000000)
    __rt_exit_ls                             0x08000273   Thumb Code     0  rtexit2.o(.ARM.Collect$$rtexit$$00000003)
    __rt_exit_prels_1                        0x08000273   Thumb Code     0  rtexit2.o(.ARM.Collect$$rtexit$$00000002)
    __rt_exit_exit                           0x08000277   Thumb Code     0  rtexit2.o(.ARM.Collect$$rtexit$$00000004)
    Reset_Handler                            0x0800027d   Thumb Code     8  startup_stm32f446xx.o(.text)
    NMI_Handler                              0x08000285   Thumb Code     2  startup_stm32f446xx.o(.text)
    HardFault_Handler                        0x08000287   Thumb Code     2  startup_stm32f446xx.o(.text)
    MemManage_Handler                        0x08000289   Thumb Code     2  startup_stm32f446xx.o(.text)
    BusFault_Handler                         0x0800028b   Thumb Code     2  startup_stm32f446xx.o(.text)
    UsageFault_Handler                       0x0800028d   Thumb Code     2  startup_stm32f446xx.o(.text)
    SVC_Handler                              0x0800028f   Thumb Code     2  startup_stm32f446xx.o(.text)
    DebugMon_Handler                         0x08000291   Thumb Code     2  startup_stm32f446xx.o(.text)
    PendSV_Handler                           0x08000293   Thumb Code     2  startup_stm32f446xx.o(.text)
    SysTick_Handler                          0x08000295   Thumb Code     2  startup_stm32f446xx.o(.text)
    ADC_IRQHandler                           0x08000297   Thumb Code     0  startup_stm32f446xx.o(.text)
    CAN1_RX0_IRQHandler                      0x08000297   Thumb Code     0  startup_stm32f446xx.o(.text)
    CAN1_RX1_IRQHandler                      0x08000297   Thumb Code     0  startup_stm32f446xx.o(.text)
    CAN1_SCE_IRQHandler                      0x08000297   Thumb Code     0  startup_stm32f446xx.o(.text)
    CAN1_TX_IRQHandler                       0x08000297   Thumb Code     0  startup_stm32f446xx.o(.text)
    CAN2_RX0_IRQHandler                      0x08000297   Thumb Code     0  startup_stm32f446xx.o(.text)
    CAN2_RX1_IRQHandler                      0x08000297   Thumb Code     0  startup_stm32f446xx.o(.text)
    CAN2_SCE_IRQHandler                      0x08000297   Thumb Code     0  startup_stm32f446xx.o(.text)
    CAN2_TX_IRQHandler                       0x08000297   Thumb Code     0  startup_stm32f446xx.o(.text)
    CEC_IRQHandler                           0x08000297   Thumb Code     0  startup_stm32f446xx.o(.text)
    DCMI_IRQHandler                          0x08000297   Thumb Code     0  startup_stm32f446xx.o(.text)
    DMA1_Stream0_IRQHandler                  0x08000297   Thumb Code     0  startup_stm32f446xx.o(.text)
    DMA1_Stream1_IRQHandler                  0x08000297   Thumb Code     0  startup_stm32f446xx.o(.text)
    DMA1_Stream2_IRQHandler                  0x08000297   Thumb Code     0  startup_stm32f446xx.o(.text)
    DMA1_Stream3_IRQHandler                  0x08000297   Thumb Code     0  startup_stm32f446xx.o(.text)
    DMA1_Stream4_IRQHandler                  0x08000297   Thumb Code     0  startup_stm32f446xx.o(.text)
    DMA1_Stream5_IRQHandler                  0x08000297   Thumb Code     0  startup_stm32f446xx.o(.text)
    DMA1_Stream6_IRQHandler                  0x08000297   Thumb Code     0  startup_stm32f446xx.o(.text)
    DMA1_Stream7_IRQHandler                  0x08000297   Thumb Code     0  startup_stm32f446xx.o(.text)
    DMA2_Stream0_IRQHandler                  0x08000297   Thumb Code     0  startup_stm32f446xx.o(.text)
    DMA2_Stream1_IRQHandler                  0x08000297   Thumb Code     0  startup_stm32f446xx.o(.text)
    DMA2_Stream2_IRQHandler                  0x08000297   Thumb Code     0  startup_stm32f446xx.o(.text)
    DMA2_Stream3_IRQHandler                  0x08000297   Thumb Code     0  startup_stm32f446xx.o(.text)
    DMA2_Stream4_IRQHandler                  0x08000297   Thumb Code     0  startup_stm32f446xx.o(.text)
    DMA2_Stream5_IRQHandler                  0x08000297   Thumb Code     0  startup_stm32f446xx.o(.text)
    DMA2_Stream6_IRQHandler                  0x08000297   Thumb Code     0  startup_stm32f446xx.o(.text)
    DMA2_Stream7_IRQHandler                  0x08000297   Thumb Code     0  startup_stm32f446xx.o(.text)
    EXTI15_10_IRQHandler                     0x08000297   Thumb Code     0  startup_stm32f446xx.o(.text)
    EXTI1_IRQHandler                         0x08000297   Thumb Code     0  startup_stm32f446xx.o(.text)
    EXTI2_IRQHandler                         0x08000297   Thumb Code     0  startup_stm32f446xx.o(.text)
    EXTI3_IRQHandler                         0x08000297   Thumb Code     0  startup_stm32f446xx.o(.text)
    EXTI4_IRQHandler                         0x08000297   Thumb Code     0  startup_stm32f446xx.o(.text)
    EXTI9_5_IRQHandler                       0x08000297   Thumb Code     0  startup_stm32f446xx.o(.text)
    FLASH_IRQHandler                         0x08000297   Thumb Code     0  startup_stm32f446xx.o(.text)
    FMC_IRQHandler                           0x08000297   Thumb Code     0  startup_stm32f446xx.o(.text)
    FMPI2C1_ER_IRQHandler                    0x08000297   Thumb Code     0  startup_stm32f446xx.o(.text)
    FMPI2C1_EV_IRQHandler                    0x08000297   Thumb Code     0  startup_stm32f446xx.o(.text)
    FPU_IRQHandler                           0x08000297   Thumb Code     0  startup_stm32f446xx.o(.text)
    I2C1_ER_IRQHandler                       0x08000297   Thumb Code     0  startup_stm32f446xx.o(.text)
    I2C1_EV_IRQHandler                       0x08000297   Thumb Code     0  startup_stm32f446xx.o(.text)
    I2C2_ER_IRQHandler                       0x08000297   Thumb Code     0  startup_stm32f446xx.o(.text)
    I2C2_EV_IRQHandler                       0x08000297   Thumb Code     0  startup_stm32f446xx.o(.text)
    I2C3_ER_IRQHandler                       0x08000297   Thumb Code     0  startup_stm32f446xx.o(.text)
    I2C3_EV_IRQHandler                       0x08000297   Thumb Code     0  startup_stm32f446xx.o(.text)
    OTG_FS_IRQHandler                        0x08000297   Thumb Code     0  startup_stm32f446xx.o(.text)
    OTG_FS_WKUP_IRQHandler                   0x08000297   Thumb Code     0  startup_stm32f446xx.o(.text)
    OTG_HS_EP1_IN_IRQHandler                 0x08000297   Thumb Code     0  startup_stm32f446xx.o(.text)
    OTG_HS_EP1_OUT_IRQHandler                0x08000297   Thumb Code     0  startup_stm32f446xx.o(.text)
    OTG_HS_IRQHandler                        0x08000297   Thumb Code     0  startup_stm32f446xx.o(.text)
    OTG_HS_WKUP_IRQHandler                   0x08000297   Thumb Code     0  startup_stm32f446xx.o(.text)
    PVD_IRQHandler                           0x08000297   Thumb Code     0  startup_stm32f446xx.o(.text)
    QUADSPI_IRQHandler                       0x08000297   Thumb Code     0  startup_stm32f446xx.o(.text)
    RCC_IRQHandler                           0x08000297   Thumb Code     0  startup_stm32f446xx.o(.text)
    RTC_Alarm_IRQHandler                     0x08000297   Thumb Code     0  startup_stm32f446xx.o(.text)
    RTC_WKUP_IRQHandler                      0x08000297   Thumb Code     0  startup_stm32f446xx.o(.text)
    SAI1_IRQHandler                          0x08000297   Thumb Code     0  startup_stm32f446xx.o(.text)
    SAI2_IRQHandler                          0x08000297   Thumb Code     0  startup_stm32f446xx.o(.text)
    SDIO_IRQHandler                          0x08000297   Thumb Code     0  startup_stm32f446xx.o(.text)
    SPDIF_RX_IRQHandler                      0x08000297   Thumb Code     0  startup_stm32f446xx.o(.text)
    SPI1_IRQHandler                          0x08000297   Thumb Code     0  startup_stm32f446xx.o(.text)
    SPI2_IRQHandler                          0x08000297   Thumb Code     0  startup_stm32f446xx.o(.text)
    SPI3_IRQHandler                          0x08000297   Thumb Code     0  startup_stm32f446xx.o(.text)
    SPI4_IRQHandler                          0x08000297   Thumb Code     0  startup_stm32f446xx.o(.text)
    TAMP_STAMP_IRQHandler                    0x08000297   Thumb Code     0  startup_stm32f446xx.o(.text)
    TIM1_BRK_TIM9_IRQHandler                 0x08000297   Thumb Code     0  startup_stm32f446xx.o(.text)
    TIM1_CC_IRQHandler                       0x08000297   Thumb Code     0  startup_stm32f446xx.o(.text)
    TIM1_TRG_COM_TIM11_IRQHandler            0x08000297   Thumb Code     0  startup_stm32f446xx.o(.text)
    TIM1_UP_TIM10_IRQHandler                 0x08000297   Thumb Code     0  startup_stm32f446xx.o(.text)
    TIM2_IRQHandler                          0x08000297   Thumb Code     0  startup_stm32f446xx.o(.text)
    TIM3_IRQHandler                          0x08000297   Thumb Code     0  startup_stm32f446xx.o(.text)
    TIM4_IRQHandler                          0x08000297   Thumb Code     0  startup_stm32f446xx.o(.text)
    TIM5_IRQHandler                          0x08000297   Thumb Code     0  startup_stm32f446xx.o(.text)
    TIM6_DAC_IRQHandler                      0x08000297   Thumb Code     0  startup_stm32f446xx.o(.text)
    TIM7_IRQHandler                          0x08000297   Thumb Code     0  startup_stm32f446xx.o(.text)
    TIM8_BRK_TIM12_IRQHandler                0x08000297   Thumb Code     0  startup_stm32f446xx.o(.text)
    TIM8_CC_IRQHandler                       0x08000297   Thumb Code     0  startup_stm32f446xx.o(.text)
    TIM8_TRG_COM_TIM14_IRQHandler            0x08000297   Thumb Code     0  startup_stm32f446xx.o(.text)
    TIM8_UP_TIM13_IRQHandler                 0x08000297   Thumb Code     0  startup_stm32f446xx.o(.text)
    UART4_IRQHandler                         0x08000297   Thumb Code     0  startup_stm32f446xx.o(.text)
    UART5_IRQHandler                         0x08000297   Thumb Code     0  startup_stm32f446xx.o(.text)
    USART1_IRQHandler                        0x08000297   Thumb Code     0  startup_stm32f446xx.o(.text)
    USART2_IRQHandler                        0x08000297   Thumb Code     0  startup_stm32f446xx.o(.text)
    USART3_IRQHandler                        0x08000297   Thumb Code     0  startup_stm32f446xx.o(.text)
    USART6_IRQHandler                        0x08000297   Thumb Code     0  startup_stm32f446xx.o(.text)
    WWDG_IRQHandler                          0x08000297   Thumb Code     0  startup_stm32f446xx.o(.text)
    __user_initial_stackheap                 0x08000299   Thumb Code     0  startup_stm32f446xx.o(.text)
    __2sprintf                               0x080002bd   Thumb Code    34  noretval__2sprintf.o(.text)
    __printf                                 0x080002e5   Thumb Code   270  __printf_wp.o(.text)
    __use_two_region_memory                  0x080003f3   Thumb Code     2  heapauxi.o(.text)
    __rt_heap_escrow$2region                 0x080003f5   Thumb Code     2  heapauxi.o(.text)
    __rt_heap_expand$2region                 0x080003f7   Thumb Code     2  heapauxi.o(.text)
    __I$use$semihosting                      0x080003f9   Thumb Code     0  use_no_semi.o(.text)
    __use_no_semihosting_swi                 0x080003f9   Thumb Code     2  use_no_semi.o(.text)
    __semihosting_library_function           0x080003fb   Thumb Code     0  indicate_semi.o(.text)
    _printf_fp_dec_real                      0x080005ab   Thumb Code   620  _printf_fp_dec.o(.text)
    _printf_char_common                      0x08000823   Thumb Code    32  _printf_char_common.o(.text)
    _sputc                                   0x08000849   Thumb Code    10  _sputc.o(.text)
    __rt_locale                              0x08000855   Thumb Code     8  rt_locale_intlibspace.o(.text)
    _ll_udiv10                               0x0800085d   Thumb Code   138  lludiv10.o(.text)
    _printf_fp_infnan                        0x080008e9   Thumb Code   112  _printf_fp_infnan.o(.text)
    _btod_etento                             0x08000969   Thumb Code   224  bigflt0.o(.text)
    __user_libspace                          0x08000a4d   Thumb Code     8  libspace.o(.text)
    __user_perproc_libspace                  0x08000a4d   Thumb Code     0  libspace.o(.text)
    __user_perthread_libspace                0x08000a4d   Thumb Code     0  libspace.o(.text)
    __user_setup_stackheap                   0x08000a55   Thumb Code    74  sys_stackheap_outer.o(.text)
    exit                                     0x08000a9f   Thumb Code    18  exit.o(.text)
    strcmp                                   0x08000ab1   Thumb Code   124  strcmpv7em.o(.text)
    _sys_exit                                0x08000b2d   Thumb Code     8  sys_exit.o(.text)
    CruiseControlFunc                        0x08000b39   Thumb Code    90  speed controller part 3.o(.text.CruiseControlFunc)
    CruiseControlSetup                       0x08000b95   Thumb Code    34  speed controller part 3.o(.text.CruiseControlSetup)
    EXTI0_IRQHandler                         0x08000bb9   Thumb Code    64  speed controller part 3.o(.text.EXTI0_IRQHandler)
    Grab_Conversion_Data                     0x08000bf9   Thumb Code    46  speed controller part 3.o(.text.Grab_Conversion_Data)
    Initialize                               0x08000c29   Thumb Code   102  speed controller part 3.o(.text.Initialize)
    LCD_command                              0x08000c91   Thumb Code    52  speed controller part 3.o(.text.LCD_command)
    LCD_data                                 0x08000cc5   Thumb Code    50  speed controller part 3.o(.text.LCD_data)
    LCD_init                                 0x08000cf9   Thumb Code    64  speed controller part 3.o(.text.LCD_init)
    ManualMode                               0x08000d39   Thumb Code    44  speed controller part 3.o(.text.ManualMode)
    Port_init                                0x08000d65   Thumb Code   236  speed controller part 3.o(.text.Port_init)
    Pulse_Width_Modulator                    0x08000e51   Thumb Code   124  speed controller part 3.o(.text.Pulse_Width_Modulator)
    RPM_Display                              0x08000ecd   Thumb Code   124  speed controller part 3.o(.text.RPM_Display)
    Send_A_String                            0x08000f49   Thumb Code    28  speed controller part 3.o(.text.Send_A_String)
    SetOutputLimits                          0x08000f65   Thumb Code   138  speed controller part 3.o(.text.SetOutputLimits)
    SetSampleTime                            0x08000ff1   Thumb Code    78  speed controller part 3.o(.text.SetSampleTime)
    SetTunings                               0x08001041   Thumb Code   108  speed controller part 3.o(.text.SetTunings)
    SystemInit                               0x080010ad   Thumb Code    86  system_stm32f4xx.o(.text.SystemInit)
    Voltage_Display                          0x08001105   Thumb Code    80  speed controller part 3.o(.text.Voltage_Display)
    delayMs                                  0x08001175   Thumb Code    50  speed controller part 3.o(.text.delayMs)
    main                                     0x080011a9   Thumb Code   112  speed controller part 3.o(.text.main)
    _btod_d2e                                0x08001219   Thumb Code    62  btod.o(CL$$btod_d2e)
    _d2e_denorm_low                          0x08001257   Thumb Code    70  btod.o(CL$$btod_d2e_denorm_low)
    _d2e_norm_op1                            0x0800129d   Thumb Code    96  btod.o(CL$$btod_d2e_norm_op1)
    __btod_div_common                        0x080012fd   Thumb Code   696  btod.o(CL$$btod_div_common)
    _e2e                                     0x08001635   Thumb Code   220  btod.o(CL$$btod_e2e)
    _btod_ediv                               0x08001711   Thumb Code    42  btod.o(CL$$btod_ediv)
    _btod_emul                               0x0800173b   Thumb Code    42  btod.o(CL$$btod_emul)
    __btod_mult_common                       0x08001765   Thumb Code   580  btod.o(CL$$btod_mult_common)
    __ARM_fpclassify                         0x080019a9   Thumb Code    48  fpclassify.o(i.__ARM_fpclassify)
    _is_digit                                0x080019d9   Thumb Code    14  __printf_wp.o(i._is_digit)
    _get_lc_numeric                          0x080019e9   Thumb Code    44  lc_numeric_c.o(locale$$code)
    __fpl_dretinf                            0x08001a15   Thumb Code    12  dretinf.o(x$fpl$dretinf)
    __aeabi_f2d                              0x08001a21   Thumb Code     0  f2d.o(x$fpl$f2d)
    _f2d                                     0x08001a21   Thumb Code    86  f2d.o(x$fpl$f2d)
    __fpl_fnaninf                            0x08001a77   Thumb Code   140  fnaninf.o(x$fpl$fnaninf)
    _fp_init                                 0x08001b03   Thumb Code    26  fpinit.o(x$fpl$fpinit)
    __fplib_config_fpu_vfp                   0x08001b1b   Thumb Code     0  fpinit.o(x$fpl$fpinit)
    __fplib_config_pureend_doubles           0x08001b1b   Thumb Code     0  fpinit.o(x$fpl$fpinit)
    _printf_fp_dec                           0x08001b1d   Thumb Code     4  printf1.o(x$fpl$printf1)
    __I$use$fp                               0x08001b20   Number         0  usenofp.o(x$fpl$usenofp)
    Region$$Table$$Base                      0x08001bb4   Number         0  anon$$obj.o(Region$$Table)
    Region$$Table$$Limit                     0x08001bd4   Number         0  anon$$obj.o(Region$$Table)
    __libspace_start                         0x20000008   Data          96  libspace.o(.bss)
    __temporary_stack_top$libspace           0x20000068   Data           0  libspace.o(.bss)



==============================================================================

Memory Map of the image

  Image Entry point : 0x0800027d

  Load Region LR_1 (Base: 0x08000000, Size: 0x00001bf4, Max: 0xffffffff, ABSOLUTE)

    Execution Region ER_RO (Exec base: 0x08000000, Load base: 0x08000000, Size: 0x00001bf0, Max: 0xffffffff, ABSOLUTE)

    Exec Addr    Load Addr    Size         Type   Attr      Idx    E Section Name        Object

    0x08000000   0x08000000   0x000001c4   Data   RO           73    RESET               startup_stm32f446xx.o
    0x080001c4   0x080001c4   0x00000008   Code   RO          133  * !!!main             c_w.l(__main.o)
    0x080001cc   0x080001cc   0x00000034   Code   RO          389    !!!scatter          c_w.l(__scatter.o)
    0x08000200   0x08000200   0x0000001a   Code   RO          391    !!handler_copy      c_w.l(__scatter_copy.o)
    0x0800021a   0x0800021a   0x00000002   PAD
    0x0800021c   0x0800021c   0x0000001c   Code   RO          393    !!handler_zi        c_w.l(__scatter_zi.o)
    0x08000238   0x08000238   0x00000000   Code   RO          130    .ARM.Collect$$_printf_percent$$00000000  c_w.l(_printf_percent.o)
    0x08000238   0x08000238   0x00000006   Code   RO          129    .ARM.Collect$$_printf_percent$$00000003  c_w.l(_printf_f.o)
    0x0800023e   0x0800023e   0x00000004   Code   RO          165    .ARM.Collect$$_printf_percent$$00000017  c_w.l(_printf_percent_end.o)
    0x08000242   0x08000242   0x00000002   Code   RO          310    .ARM.Collect$$libinit$$00000000  c_w.l(libinit.o)
    0x08000244   0x08000244   0x00000004   Code   RO          166    .ARM.Collect$$libinit$$00000001  c_w.l(libinit2.o)
    0x08000248   0x08000248   0x00000000   Code   RO          169    .ARM.Collect$$libinit$$00000004  c_w.l(libinit2.o)
    0x08000248   0x08000248   0x00000000   Code   RO          172    .ARM.Collect$$libinit$$0000000A  c_w.l(libinit2.o)
    0x08000248   0x08000248   0x00000000   Code   RO          174    .ARM.Collect$$libinit$$0000000C  c_w.l(libinit2.o)
    0x08000248   0x08000248   0x00000000   Code   RO          176    .ARM.Collect$$libinit$$0000000E  c_w.l(libinit2.o)
    0x08000248   0x08000248   0x00000006   Code   RO          177    .ARM.Collect$$libinit$$0000000F  c_w.l(libinit2.o)
    0x0800024e   0x0800024e   0x00000000   Code   RO          179    .ARM.Collect$$libinit$$00000011  c_w.l(libinit2.o)
    0x0800024e   0x0800024e   0x00000000   Code   RO          181    .ARM.Collect$$libinit$$00000013  c_w.l(libinit2.o)
    0x0800024e   0x0800024e   0x00000000   Code   RO          183    .ARM.Collect$$libinit$$00000015  c_w.l(libinit2.o)
    0x0800024e   0x0800024e   0x0000000a   Code   RO          184    .ARM.Collect$$libinit$$00000016  c_w.l(libinit2.o)
    0x08000258   0x08000258   0x00000000   Code   RO          185    .ARM.Collect$$libinit$$00000017  c_w.l(libinit2.o)
    0x08000258   0x08000258   0x00000000   Code   RO          187    .ARM.Collect$$libinit$$00000019  c_w.l(libinit2.o)
    0x08000258   0x08000258   0x00000000   Code   RO          189    .ARM.Collect$$libinit$$0000001B  c_w.l(libinit2.o)
    0x08000258   0x08000258   0x00000000   Code   RO          191    .ARM.Collect$$libinit$$0000001D  c_w.l(libinit2.o)
    0x08000258   0x08000258   0x00000000   Code   RO          193    .ARM.Collect$$libinit$$0000001F  c_w.l(libinit2.o)
    0x08000258   0x08000258   0x00000000   Code   RO          195    .ARM.Collect$$libinit$$00000021  c_w.l(libinit2.o)
    0x08000258   0x08000258   0x00000000   Code   RO          197    .ARM.Collect$$libinit$$00000023  c_w.l(libinit2.o)
    0x08000258   0x08000258   0x00000000   Code   RO          199    .ARM.Collect$$libinit$$00000025  c_w.l(libinit2.o)
    0x08000258   0x08000258   0x00000000   Code   RO          203    .ARM.Collect$$libinit$$0000002C  c_w.l(libinit2.o)
    0x08000258   0x08000258   0x00000000   Code   RO          205    .ARM.Collect$$libinit$$0000002E  c_w.l(libinit2.o)
    0x08000258   0x08000258   0x00000000   Code   RO          207    .ARM.Collect$$libinit$$00000030  c_w.l(libinit2.o)
    0x08000258   0x08000258   0x00000000   Code   RO          209    .ARM.Collect$$libinit$$00000032  c_w.l(libinit2.o)
    0x08000258   0x08000258   0x00000002   Code   RO          210    .ARM.Collect$$libinit$$00000033  c_w.l(libinit2.o)
    0x0800025a   0x0800025a   0x00000002   Code   RO          348    .ARM.Collect$$libshutdown$$00000000  c_w.l(libshutdown.o)
    0x0800025c   0x0800025c   0x00000000   Code   RO          356    .ARM.Collect$$libshutdown$$00000002  c_w.l(libshutdown2.o)
    0x0800025c   0x0800025c   0x00000000   Code   RO          358    .ARM.Collect$$libshutdown$$00000004  c_w.l(libshutdown2.o)
    0x0800025c   0x0800025c   0x00000000   Code   RO          361    .ARM.Collect$$libshutdown$$00000007  c_w.l(libshutdown2.o)
    0x0800025c   0x0800025c   0x00000000   Code   RO          364    .ARM.Collect$$libshutdown$$0000000A  c_w.l(libshutdown2.o)
    0x0800025c   0x0800025c   0x00000000   Code   RO          366    .ARM.Collect$$libshutdown$$0000000C  c_w.l(libshutdown2.o)
    0x0800025c   0x0800025c   0x00000000   Code   RO          369    .ARM.Collect$$libshutdown$$0000000F  c_w.l(libshutdown2.o)
    0x0800025c   0x0800025c   0x00000002   Code   RO          370    .ARM.Collect$$libshutdown$$00000010  c_w.l(libshutdown2.o)
    0x0800025e   0x0800025e   0x00000000   Code   RO          156    .ARM.Collect$$rtentry$$00000000  c_w.l(__rtentry.o)
    0x0800025e   0x0800025e   0x00000000   Code   RO          225    .ARM.Collect$$rtentry$$00000002  c_w.l(__rtentry2.o)
    0x0800025e   0x0800025e   0x00000006   Code   RO          237    .ARM.Collect$$rtentry$$00000004  c_w.l(__rtentry4.o)
    0x08000264   0x08000264   0x00000000   Code   RO          227    .ARM.Collect$$rtentry$$00000009  c_w.l(__rtentry2.o)
    0x08000264   0x08000264   0x00000004   Code   RO          228    .ARM.Collect$$rtentry$$0000000A  c_w.l(__rtentry2.o)
    0x08000268   0x08000268   0x00000000   Code   RO          230    .ARM.Collect$$rtentry$$0000000C  c_w.l(__rtentry2.o)
    0x08000268   0x08000268   0x00000008   Code   RO          231    .ARM.Collect$$rtentry$$0000000D  c_w.l(__rtentry2.o)
    0x08000270   0x08000270   0x00000002   Code   RO          315    .ARM.Collect$$rtexit$$00000000  c_w.l(rtexit.o)
    0x08000272   0x08000272   0x00000000   Code   RO          326    .ARM.Collect$$rtexit$$00000002  c_w.l(rtexit2.o)
    0x08000272   0x08000272   0x00000004   Code   RO          327    .ARM.Collect$$rtexit$$00000003  c_w.l(rtexit2.o)
    0x08000276   0x08000276   0x00000006   Code   RO          328    .ARM.Collect$$rtexit$$00000004  c_w.l(rtexit2.o)
    0x0800027c   0x0800027c   0x00000040   Code   RO           74  * .text               startup_stm32f446xx.o
    0x080002bc   0x080002bc   0x00000028   Code   RO          105    .text               c_w.l(noretval__2sprintf.o)
    0x080002e4   0x080002e4   0x0000010e   Code   RO          117    .text               c_w.l(__printf_wp.o)
    0x080003f2   0x080003f2   0x00000006   Code   RO          131    .text               c_w.l(heapauxi.o)
    0x080003f8   0x080003f8   0x00000002   Code   RO          153    .text               c_w.l(use_no_semi.o)
    0x080003fa   0x080003fa   0x00000000   Code   RO          155    .text               c_w.l(indicate_semi.o)
    0x080003fa   0x080003fa   0x0000041c   Code   RO          157    .text               c_w.l(_printf_fp_dec.o)
    0x08000816   0x08000816   0x00000002   PAD
    0x08000818   0x08000818   0x00000030   Code   RO          161    .text               c_w.l(_printf_char_common.o)
    0x08000848   0x08000848   0x0000000a   Code   RO          163    .text               c_w.l(_sputc.o)
    0x08000852   0x08000852   0x00000002   PAD
    0x08000854   0x08000854   0x00000008   Code   RO          242    .text               c_w.l(rt_locale_intlibspace.o)
    0x0800085c   0x0800085c   0x0000008a   Code   RO          244    .text               c_w.l(lludiv10.o)
    0x080008e6   0x080008e6   0x00000002   PAD
    0x080008e8   0x080008e8   0x00000080   Code   RO          246    .text               c_w.l(_printf_fp_infnan.o)
    0x08000968   0x08000968   0x000000e4   Code   RO          250    .text               c_w.l(bigflt0.o)
    0x08000a4c   0x08000a4c   0x00000008   Code   RO          290    .text               c_w.l(libspace.o)
    0x08000a54   0x08000a54   0x0000004a   Code   RO          293    .text               c_w.l(sys_stackheap_outer.o)
    0x08000a9e   0x08000a9e   0x00000012   Code   RO          297    .text               c_w.l(exit.o)
    0x08000ab0   0x08000ab0   0x0000007c   Code   RO          299    .text               c_w.l(strcmpv7em.o)
    0x08000b2c   0x08000b2c   0x0000000c   Code   RO          338    .text               c_w.l(sys_exit.o)
    0x08000b38   0x08000b38   0x0000005a   Code   RO           18    .text.CruiseControlFunc  speed controller part 3.o
    0x08000b92   0x08000b92   0x00000002   PAD
    0x08000b94   0x08000b94   0x00000022   Code   RO           16    .text.CruiseControlSetup  speed controller part 3.o
    0x08000bb6   0x08000bb6   0x00000002   PAD
    0x08000bb8   0x08000bb8   0x00000040   Code   RO           42    .text.EXTI0_IRQHandler  speed controller part 3.o
    0x08000bf8   0x08000bf8   0x0000002e   Code   RO           32    .text.Grab_Conversion_Data  speed controller part 3.o
    0x08000c26   0x08000c26   0x00000002   PAD
    0x08000c28   0x08000c28   0x00000066   Code   RO            8    .text.Initialize    speed controller part 3.o
    0x08000c8e   0x08000c8e   0x00000002   PAD
    0x08000c90   0x08000c90   0x00000034   Code   RO           28    .text.LCD_command   speed controller part 3.o
    0x08000cc4   0x08000cc4   0x00000032   Code   RO           30    .text.LCD_data      speed controller part 3.o
    0x08000cf6   0x08000cf6   0x00000002   PAD
    0x08000cf8   0x08000cf8   0x00000040   Code   RO            6    .text.LCD_init      speed controller part 3.o
    0x08000d38   0x08000d38   0x0000002c   Code   RO           20    .text.ManualMode    speed controller part 3.o
    0x08000d64   0x08000d64   0x000000ec   Code   RO            4    .text.Port_init     speed controller part 3.o
    0x08000e50   0x08000e50   0x0000007c   Code   RO           38    .text.Pulse_Width_Modulator  speed controller part 3.o
    0x08000ecc   0x08000ecc   0x0000007c   Code   RO           40    .text.RPM_Display   speed controller part 3.o
    0x08000f48   0x08000f48   0x0000001c   Code   RO           36    .text.Send_A_String  speed controller part 3.o
    0x08000f64   0x08000f64   0x0000008a   Code   RO           10    .text.SetOutputLimits  speed controller part 3.o
    0x08000fee   0x08000fee   0x00000002   PAD
    0x08000ff0   0x08000ff0   0x0000004e   Code   RO           12    .text.SetSampleTime  speed controller part 3.o
    0x0800103e   0x0800103e   0x00000002   PAD
    0x08001040   0x08001040   0x0000006c   Code   RO           14    .text.SetTunings    speed controller part 3.o
    0x080010ac   0x080010ac   0x00000056   Code   RO           81    .text.SystemInit    system_stm32f4xx.o
    0x08001102   0x08001102   0x00000002   PAD
    0x08001104   0x08001104   0x00000050   Code   RO           34    .text.Voltage_Display  speed controller part 3.o
    0x08001154   0x08001154   0x0000000e   Code   RO           24    .text.__NVIC_EnableIRQ  speed controller part 3.o
    0x08001162   0x08001162   0x00000002   PAD
    0x08001164   0x08001164   0x0000000e   Code   RO           22    .text.__NVIC_SetPriority  speed controller part 3.o
    0x08001172   0x08001172   0x00000002   PAD
    0x08001174   0x08001174   0x00000032   Code   RO           26    .text.delayMs       speed controller part 3.o
    0x080011a6   0x080011a6   0x00000002   PAD
    0x080011a8   0x080011a8   0x00000070   Code   RO            2    .text.main          speed controller part 3.o
    0x08001218   0x08001218   0x0000003e   Code   RO          253    CL$$btod_d2e        c_w.l(btod.o)
    0x08001256   0x08001256   0x00000046   Code   RO          255    CL$$btod_d2e_denorm_low  c_w.l(btod.o)
    0x0800129c   0x0800129c   0x00000060   Code   RO          254    CL$$btod_d2e_norm_op1  c_w.l(btod.o)
    0x080012fc   0x080012fc   0x00000338   Code   RO          263    CL$$btod_div_common  c_w.l(btod.o)
    0x08001634   0x08001634   0x000000dc   Code   RO          260    CL$$btod_e2e        c_w.l(btod.o)
    0x08001710   0x08001710   0x0000002a   Code   RO          257    CL$$btod_ediv       c_w.l(btod.o)
    0x0800173a   0x0800173a   0x0000002a   Code   RO          256    CL$$btod_emul       c_w.l(btod.o)
    0x08001764   0x08001764   0x00000244   Code   RO          262    CL$$btod_mult_common  c_w.l(btod.o)
    0x080019a8   0x080019a8   0x00000030   Code   RO          288    i.__ARM_fpclassify  m_wm.l(fpclassify.o)
    0x080019d8   0x080019d8   0x0000000e   Code   RO          119    i._is_digit         c_w.l(__printf_wp.o)
    0x080019e6   0x080019e6   0x00000002   PAD
    0x080019e8   0x080019e8   0x0000002c   Code   RO          278    locale$$code        c_w.l(lc_numeric_c.o)
    0x08001a14   0x08001a14   0x0000000c   Code   RO          219    x$fpl$dretinf       fz_wm.l(dretinf.o)
    0x08001a20   0x08001a20   0x00000056   Code   RO          149    x$fpl$f2d           fz_wm.l(f2d.o)
    0x08001a76   0x08001a76   0x0000008c   Code   RO          221    x$fpl$fnaninf       fz_wm.l(fnaninf.o)
    0x08001b02   0x08001b02   0x0000001a   Code   RO          284    x$fpl$fpinit        fz_wm.l(fpinit.o)
    0x08001b1c   0x08001b1c   0x00000004   Code   RO          151    x$fpl$printf1       fz_wm.l(printf1.o)
    0x08001b20   0x08001b20   0x00000000   Code   RO          223    x$fpl$usenofp       fz_wm.l(usenofp.o)
    0x08001b20   0x08001b20   0x00000094   Data   RO          251    .constdata          c_w.l(bigflt0.o)
    0x08001bb4   0x08001bb4   0x00000020   Data   RO          388    Region$$Table       anon$$obj.o
    0x08001bd4   0x08001bd4   0x0000001c   Data   RO          277    locale$$data        c_w.l(lc_numeric_c.o)


    Execution Region ER_RW (Exec base: 0x20000000, Load base: 0x08001bf0, Size: 0x00000004, Max: 0xffffffff, ABSOLUTE)

    Exec Addr    Load Addr    Size         Type   Attr      Idx    E Section Name        Object

    0x20000000   0x08001bf0   0x00000004   Data   RW           55    .data.SampleTime    speed controller part 3.o


    Execution Region ER_ZI (Exec base: 0x20000008, Load base: 0x08001bf4, Size: 0x000006b8, Max: 0xffffffff, ABSOLUTE)

    Exec Addr    Load Addr    Size         Type   Attr      Idx    E Section Name        Object

    0x20000008        -       0x00000060   Zero   RW          291    .bss                c_w.l(libspace.o)
    0x20000068        -       0x00000001   Zero   RW           46    .bss.CruiseControl  speed controller part 3.o
    0x20000069   0x08001bf4   0x00000003   PAD
    0x2000006c        -       0x00000004   Zero   RW           50    .bss.CruiseControlRPM  speed controller part 3.o
    0x20000070        -       0x00000004   Zero   RW           57    .bss.ITerm          speed controller part 3.o
    0x20000074        -       0x00000004   Zero   RW           51    .bss.Last           speed controller part 3.o
    0x20000078        -       0x00000004   Zero   RW           49    .bss.RPM            speed controller part 3.o
    0x2000007c        -       0x00000012   Zero   RW           52    .bss.RPM_Buffer     speed controller part 3.o
    0x2000008e        -       0x00000012   Zero   RW           48    .bss.Voltage_Buffer  speed controller part 3.o
    0x200000a0        -       0x00000001   Zero   RW           53    .bss.j              speed controller part 3.o
    0x200000a1   0x08001bf4   0x00000003   PAD
    0x200000a4        -       0x00000004   Zero   RW           62    .bss.kd             speed controller part 3.o
    0x200000a8        -       0x00000004   Zero   RW           56    .bss.ki             speed controller part 3.o
    0x200000ac        -       0x00000004   Zero   RW           61    .bss.kp             speed controller part 3.o
    0x200000b0        -       0x00000004   Zero   RW           60    .bss.lastInput      speed controller part 3.o
    0x200000b4        -       0x00000004   Zero   RW           58    .bss.outMax         speed controller part 3.o
    0x200000b8        -       0x00000004   Zero   RW           59    .bss.outMin         speed controller part 3.o
    0x200000bc        -       0x00000004   Zero   RW           47    .bss.result         speed controller part 3.o
    0x200000c0        -       0x00000200   Zero   RW           72    HEAP                startup_stm32f446xx.o
    0x200002c0        -       0x00000400   Zero   RW           71    STACK               startup_stm32f446xx.o


==============================================================================

Image component sizes


      Code (inc. data)   RO Data    RW Data    ZI Data      Debug   Object Name

      1652         64          0          4         82      10455   speed controller part 3.o
        64         26        452          0       1536        900   startup_stm32f446xx.o
        86          0          0          0          0       2883   system_stm32f4xx.o

    ----------------------------------------------------------------------
      1824         90        484          4       1624      14238   Object Totals
         0          0         32          0          0          0   (incl. Generated)
        22          0          0          0          6          0   (incl. Padding)

    ----------------------------------------------------------------------

      Code (inc. data)   RO Data    RW Data    ZI Data      Debug   Library Member Name

         8          0          0          0          0         68   __main.o
       284          0          0          0          0        156   __printf_wp.o
         0          0          0          0          0          0   __rtentry.o
        12          0          0          0          0          0   __rtentry2.o
         6          0          0          0          0          0   __rtentry4.o
        52          8          0          0          0          0   __scatter.o
        26          0          0          0          0          0   __scatter_copy.o
        28          0          0          0          0          0   __scatter_zi.o
        48          6          0          0          0         96   _printf_char_common.o
         6          0          0          0          0          0   _printf_f.o
      1052          0          0          0          0        148   _printf_fp_dec.o
       128         16          0          0          0         84   _printf_fp_infnan.o
         0          0          0          0          0          0   _printf_percent.o
         4          0          0          0          0          0   _printf_percent_end.o
        10          0          0          0          0         68   _sputc.o
       228          4        148          0          0         96   bigflt0.o
      1936        128          0          0          0        672   btod.o
        18          0          0          0          0         80   exit.o
         6          0          0          0          0        152   heapauxi.o
         0          0          0          0          0          0   indicate_semi.o
        44         10         28          0          0         76   lc_numeric_c.o
         2          0          0          0          0          0   libinit.o
        22          0          0          0          0          0   libinit2.o
         2          0          0          0          0          0   libshutdown.o
         2          0          0          0          0          0   libshutdown2.o
         8          4          0          0         96         68   libspace.o
       138          0          0          0          0         80   lludiv10.o
        40          6          0          0          0         84   noretval__2sprintf.o
         8          4          0          0          0         68   rt_locale_intlibspace.o
         2          0          0          0          0          0   rtexit.o
        10          0          0          0          0          0   rtexit2.o
       124          0          0          0          0         88   strcmpv7em.o
        12          4          0          0          0         68   sys_exit.o
        74          0          0          0          0         80   sys_stackheap_outer.o
         2          0          0          0          0         68   use_no_semi.o
        12          0          0          0          0        116   dretinf.o
        86          4          0          0          0        132   f2d.o
       140          4          0          0          0        132   fnaninf.o
        26          0          0          0          0        116   fpinit.o
         4          0          0          0          0        116   printf1.o
         0          0          0          0          0          0   usenofp.o
        48          0          0          0          0        124   fpclassify.o

    ----------------------------------------------------------------------
      4668        198        176          0         96       3036   Library Totals
        10          0          0          0          0          0   (incl. Padding)

    ----------------------------------------------------------------------

      Code (inc. data)   RO Data    RW Data    ZI Data      Debug   Library Name

      4342        190        176          0         96       2300   c_w.l
       268          8          0          0          0        612   fz_wm.l
        48          0          0          0          0        124   m_wm.l

    ----------------------------------------------------------------------
      4668        198        176          0         96       3036   Library Totals

    ----------------------------------------------------------------------

==============================================================================


      Code (inc. data)   RO Data    RW Data    ZI Data      Debug   

      6492        288        660          4       1720      15662   Grand Totals
      6492        288        660          4       1720      15662   ELF Image Totals
      6492        288        660          4          0          0   ROM Totals

==============================================================================

    Total RO  Size (Code + RO Data)                 7152 (   6.98kB)
    Total RW  Size (RW Data + ZI Data)              1724 (   1.68kB)
    Total ROM Size (Code + RO Data + RW Data)       7156 (   6.99kB)

==============================================================================

